#
# There is insufficient memory for the Java Runtime Environment to continue.
# Native memory allocation (malloc) failed to allocate 1220816 bytes. Error detail: Chunk::new
# Possible reasons:
#   The system is out of physical RAM or swap space
#   This process is running with CompressedOops enabled, and the Java Heap may be blocking the growth of the native heap
# Possible solutions:
#   Reduce memory load on the system
#   Increase physical memory or swap space
#   Check if swap backing store is full
#   Decrease Java heap size (-Xmx/-Xms)
#   Decrease number of Java threads
#   Decrease Java thread stack sizes (-Xss)
#   Set larger code cache with -XX:ReservedCodeCacheSize=
#   JVM is running with Unscaled Compressed Oops mode in which the Java heap is
#     placed in the first 4GB address space. The Java Heap base address is the
#     maximum limit for the native heap growth. Please use -XX:HeapBaseMinAddress
#     to set the Java Heap base and to place the Java Heap above 4GB virtual address.
# This output file may be truncated or incomplete.
#
#  Out of Memory Error (arena.cpp:168), pid=124816, tid=40840
#
# JRE version: OpenJDK Runtime Environment (21.0.5) (build 21.0.5+-13047016-b750.29)
# Java VM: OpenJDK 64-Bit Server VM (21.0.5+-13047016-b750.29, mixed mode, tiered, compressed oops, compressed class ptrs, g1 gc, windows-amd64)
# No core dump will be written. Minidumps are not enabled by default on client versions of Windows
#

---------------  S U M M A R Y ------------

Command Line: --add-opens=java.base/java.util=ALL-UNNAMED --add-opens=java.base/java.lang=ALL-UNNAMED --add-opens=java.base/java.lang.invoke=ALL-UNNAMED --add-opens=java.prefs/java.util.prefs=ALL-UNNAMED --add-exports=jdk.compiler/com.sun.tools.javac.api=ALL-UNNAMED --add-exports=jdk.compiler/com.sun.tools.javac.util=ALL-UNNAMED --add-opens=java.base/java.nio.charset=ALL-UNNAMED --add-opens=java.base/java.net=ALL-UNNAMED --add-opens=java.base/java.util.concurrent.atomic=ALL-UNNAMED -Xmx2048m -Dfile.encoding=UTF-8 -Duser.country=CN -Duser.language=zh -Duser.variant -javaagent:C:\Users\1\.gradle\wrapper\dists\gradle-8.10-bin\deqhafrv1ntovfmgh0nh3npr9\gradle-8.10\lib\agents\gradle-instrumentation-agent-8.10.jar org.gradle.launcher.daemon.bootstrap.GradleDaemon 8.10

Host: Intel(R) Core(TM) i9-14900HX, 32 cores, 31G,  Windows 11 , 64 bit Build 26100 (10.0.26100.4484)
Time: Sat Jul 26 22:42:40 2025  Windows 11 , 64 bit Build 26100 (10.0.26100.4484) elapsed time: 14.859517 seconds (0d 0h 0m 14s)

---------------  T H R E A D  ---------------

Current thread (0x000001c2fba5a190):  JavaThread "C2 CompilerThread3" daemon [_thread_in_native, id=40840, stack(0x000000b41e800000,0x000000b41e900000) (1024K)]


Current CompileTask:
C2:14859 5575       4       org.objectweb.asm.MethodWriter::computeAllFrames (510 bytes)

Stack: [0x000000b41e800000,0x000000b41e900000]
Native frames: (J=compiled Java code, j=interpreted, Vv=VM code, C=native code)
V  [jvm.dll+0x6cfb29]
V  [jvm.dll+0x85df93]
V  [jvm.dll+0x8604ee]
V  [jvm.dll+0x860bd3]
V  [jvm.dll+0x27e6b6]
V  [jvm.dll+0xbff6d]
V  [jvm.dll+0xc04a3]
V  [jvm.dll+0x3b5fc1]
V  [jvm.dll+0x381f97]
V  [jvm.dll+0x38140a]
V  [jvm.dll+0x247c62]
V  [jvm.dll+0x247231]
V  [jvm.dll+0x1c5ee4]
V  [jvm.dll+0x25697c]
V  [jvm.dll+0x254ec6]
V  [jvm.dll+0x3f0ce6]
V  [jvm.dll+0x806368]
V  [jvm.dll+0x6ce3fd]
C  [ucrtbase.dll+0x37b0]
C  [KERNEL32.DLL+0x2e8d7]
C  [ntdll.dll+0x3c34c]


---------------  P R O C E S S  ---------------

Threads class SMR info:
_java_thread_list=0x000001c2936fecb0, length=42, elements={
0x000001c2f0f79080, 0x000001c2fb9ef0f0, 0x000001c2fb9efb40, 0x000001c2fba4a100,
0x000001c2fba4a760, 0x000001c2fba23770, 0x000001c2fba4edd0, 0x000001c2fba53b60,
0x000001c2fba5af30, 0x000001c2fbada6c0, 0x000001c2931b2950, 0x000001c294dc5900,
0x000001c2fba5a860, 0x000001c2fba58d20, 0x000001c2fba5b600, 0x000001c2934f38c0,
0x000001c2935ac9b0, 0x000001c293611880, 0x000001c2942f5160, 0x000001c2941fbbc0,
0x000001c2942242c0, 0x000001c294226bf0, 0x000001c2950cb030, 0x000001c2950cb6c0,
0x000001c2950cbd50, 0x000001c2950cc3e0, 0x000001c2950c8f60, 0x000001c2fba5bcd0,
0x000001c2fba593f0, 0x000001c2fba5a190, 0x000001c2950c9c80, 0x000001c2950ca9a0,
0x000001c2950ca310, 0x000001c297d4e000, 0x000001c297d4e690, 0x000001c297d4bf30,
0x000001c297d4cc50, 0x000001c297d4ed20, 0x000001c297c02520, 0x000001c297d4d2e0,
0x000001c29846abf0, 0x000001c298469840
}

Java Threads: ( => current thread )
  0x000001c2f0f79080 JavaThread "main"                              [_thread_blocked, id=51552, stack(0x000000b41a900000,0x000000b41aa00000) (1024K)]
  0x000001c2fb9ef0f0 JavaThread "Reference Handler"          daemon [_thread_blocked, id=36212, stack(0x000000b41b100000,0x000000b41b200000) (1024K)]
  0x000001c2fb9efb40 JavaThread "Finalizer"                  daemon [_thread_blocked, id=127780, stack(0x000000b41b200000,0x000000b41b300000) (1024K)]
  0x000001c2fba4a100 JavaThread "Signal Dispatcher"          daemon [_thread_blocked, id=76408, stack(0x000000b41b300000,0x000000b41b400000) (1024K)]
  0x000001c2fba4a760 JavaThread "Attach Listener"            daemon [_thread_blocked, id=100488, stack(0x000000b41b400000,0x000000b41b500000) (1024K)]
  0x000001c2fba23770 JavaThread "Service Thread"             daemon [_thread_blocked, id=155452, stack(0x000000b41b500000,0x000000b41b600000) (1024K)]
  0x000001c2fba4edd0 JavaThread "Monitor Deflation Thread"   daemon [_thread_blocked, id=126812, stack(0x000000b41b600000,0x000000b41b700000) (1024K)]
  0x000001c2fba53b60 JavaThread "C2 CompilerThread0"         daemon [_thread_in_vm, id=129056, stack(0x000000b41b700000,0x000000b41b800000) (1024K)]
  0x000001c2fba5af30 JavaThread "C1 CompilerThread0"         daemon [_thread_blocked, id=74424, stack(0x000000b41b800000,0x000000b41b900000) (1024K)]
  0x000001c2fbada6c0 JavaThread "Common-Cleaner"             daemon [_thread_blocked, id=118812, stack(0x000000b41ba00000,0x000000b41bb00000) (1024K)]
  0x000001c2931b2950 JavaThread "Notification Thread"        daemon [_thread_blocked, id=158980, stack(0x000000b41bb00000,0x000000b41bc00000) (1024K)]
  0x000001c294dc5900 JavaThread "Daemon health stats"               [_thread_blocked, id=142000, stack(0x000000b41bc00000,0x000000b41bd00000) (1024K)]
  0x000001c2fba5a860 JavaThread "C1 CompilerThread1"         daemon [_thread_blocked, id=131808, stack(0x000000b41b900000,0x000000b41ba00000) (1024K)]
  0x000001c2fba58d20 JavaThread "C1 CompilerThread2"         daemon [_thread_blocked, id=134544, stack(0x000000b41bd00000,0x000000b41be00000) (1024K)]
  0x000001c2fba5b600 JavaThread "C1 CompilerThread3"         daemon [_thread_in_vm, id=43592, stack(0x000000b41be00000,0x000000b41bf00000) (1024K)]
  0x000001c2934f38c0 JavaThread "Incoming local TCP Connector on port 55078"        [_thread_in_native, id=32628, stack(0x000000b41cb00000,0x000000b41cc00000) (1024K)]
  0x000001c2935ac9b0 JavaThread "Daemon periodic checks"            [_thread_blocked, id=40632, stack(0x000000b41bf00000,0x000000b41c000000) (1024K)]
  0x000001c293611880 JavaThread "Daemon"                            [_thread_blocked, id=106960, stack(0x000000b41cc00000,0x000000b41cd00000) (1024K)]
  0x000001c2942f5160 JavaThread "Handler for socket connection from /127.0.0.1:55078 to /127.0.0.1:55096"        [_thread_in_native, id=157220, stack(0x000000b41cd00000,0x000000b41ce00000) (1024K)]
  0x000001c2941fbbc0 JavaThread "Cancel handler"                    [_thread_blocked, id=118756, stack(0x000000b41ce00000,0x000000b41cf00000) (1024K)]
  0x000001c2942242c0 JavaThread "Daemon worker"                     [_thread_in_vm, id=124408, stack(0x000000b41cf00000,0x000000b41d000000) (1024K)]
  0x000001c294226bf0 JavaThread "Asynchronous log dispatcher for DefaultDaemonConnection: socket connection from /127.0.0.1:55078 to /127.0.0.1:55096"        [_thread_blocked, id=130064, stack(0x000000b41d000000,0x000000b41d100000) (1024K)]
  0x000001c2950cb030 JavaThread "Stdin handler"                     [_thread_blocked, id=55676, stack(0x000000b41d100000,0x000000b41d200000) (1024K)]
  0x000001c2950cb6c0 JavaThread "Daemon client event forwarder"        [_thread_blocked, id=137176, stack(0x000000b41d200000,0x000000b41d300000) (1024K)]
  0x000001c2950cbd50 JavaThread "Cache worker for journal cache (C:\Users\1\.gradle\caches\journal-1)"        [_thread_blocked, id=11616, stack(0x000000b41e200000,0x000000b41e300000) (1024K)]
  0x000001c2950cc3e0 JavaThread "File lock request listener"        [_thread_in_native, id=144204, stack(0x000000b41e300000,0x000000b41e400000) (1024K)]
  0x000001c2950c8f60 JavaThread "Cache worker for file hash cache (C:\Users\1\.gradle\caches\8.10\fileHashes)"        [_thread_blocked, id=105880, stack(0x000000b41e400000,0x000000b41e500000) (1024K)]
  0x000001c2fba5bcd0 JavaThread "C2 CompilerThread1"         daemon [_thread_in_native, id=155592, stack(0x000000b41e500000,0x000000b41e600000) (1024K)]
  0x000001c2fba593f0 JavaThread "C2 CompilerThread2"         daemon [_thread_blocked, id=64960, stack(0x000000b41e600000,0x000000b41e700000) (1024K)]
=>0x000001c2fba5a190 JavaThread "C2 CompilerThread3"         daemon [_thread_in_native, id=40840, stack(0x000000b41e800000,0x000000b41e900000) (1024K)]
  0x000001c2950c9c80 JavaThread "Cache worker for file hash cache (C:\Users\1\Desktop\Android\CreeperBoxVersion\.gradle\8.10\fileHashes)"        [_thread_blocked, id=114636, stack(0x000000b41e900000,0x000000b41ea00000) (1024K)]
  0x000001c2950ca9a0 JavaThread "Cache worker for Build Output Cleanup Cache (C:\Users\1\Desktop\Android\CreeperBoxVersion\.gradle\buildOutputCleanup)"        [_thread_blocked, id=158332, stack(0x000000b41ea00000,0x000000b41eb00000) (1024K)]
  0x000001c2950ca310 JavaThread "File watcher server"        daemon [_thread_in_native, id=29336, stack(0x000000b41eb00000,0x000000b41ec00000) (1024K)]
  0x000001c297d4e000 JavaThread "File watcher consumer"      daemon [_thread_blocked, id=103836, stack(0x000000b41ec00000,0x000000b41ed00000) (1024K)]
  0x000001c297d4e690 JavaThread "Cache worker for checksums cache (C:\Users\1\Desktop\Android\CreeperBoxVersion\.gradle\8.10\checksums)"        [_thread_blocked, id=132548, stack(0x000000b41ed00000,0x000000b41ee00000) (1024K)]
  0x000001c297d4bf30 JavaThread "Cache worker for file content cache (C:\Users\1\.gradle\caches\8.10\fileContent)"        [_thread_blocked, id=145372, stack(0x000000b41ee00000,0x000000b41ef00000) (1024K)]
  0x000001c297d4cc50 JavaThread "Cache worker for cache directory md-rule (C:\Users\1\.gradle\caches\8.10\md-rule)"        [_thread_blocked, id=68392, stack(0x000000b41ef00000,0x000000b41f000000) (1024K)]
  0x000001c297d4ed20 JavaThread "Cache worker for cache directory md-supplier (C:\Users\1\.gradle\caches\8.10\md-supplier)"        [_thread_blocked, id=154516, stack(0x000000b41f000000,0x000000b41f100000) (1024K)]
  0x000001c297c02520 JavaThread "C1 CompilerThread4"         daemon [_thread_blocked, id=120568, stack(0x000000b41f100000,0x000000b41f200000) (1024K)]
  0x000001c297d4d2e0 JavaThread "jar transforms"                    [_thread_blocked, id=144772, stack(0x000000b41f400000,0x000000b41f500000) (1024K)]
  0x000001c29846abf0 JavaThread "jar transforms Thread 2"           [_thread_blocked, id=119324, stack(0x000000b41f500000,0x000000b41f600000) (1024K)]
  0x000001c298469840 JavaThread "jar transforms Thread 3"           [_thread_blocked, id=134492, stack(0x000000b41f600000,0x000000b41f700000) (1024K)]
Total: 42

Other Threads:
  0x000001c2fb9a1590 VMThread "VM Thread"                           [id=3040, stack(0x000000b41b000000,0x000000b41b100000) (1024K)]
  0x000001c2fb90e890 WatcherThread "VM Periodic Task Thread"        [id=146904, stack(0x000000b41af00000,0x000000b41b000000) (1024K)]
  0x000001c2f0fd8850 WorkerThread "GC Thread#0"                     [id=138272, stack(0x000000b41aa00000,0x000000b41ab00000) (1024K)]
  0x000001c293ce7080 WorkerThread "GC Thread#1"                     [id=76088, stack(0x000000b41c000000,0x000000b41c100000) (1024K)]
  0x000001c293ce7420 WorkerThread "GC Thread#2"                     [id=116332, stack(0x000000b41c100000,0x000000b41c200000) (1024K)]
  0x000001c2933d7040 WorkerThread "GC Thread#3"                     [id=26056, stack(0x000000b41c200000,0x000000b41c300000) (1024K)]
  0x000001c2933d77f0 WorkerThread "GC Thread#4"                     [id=105416, stack(0x000000b41c300000,0x000000b41c400000) (1024K)]
  0x000001c2933e4120 WorkerThread "GC Thread#5"                     [id=143740, stack(0x000000b41c400000,0x000000b41c500000) (1024K)]
  0x000001c293d19d20 WorkerThread "GC Thread#6"                     [id=120012, stack(0x000000b41c500000,0x000000b41c600000) (1024K)]
  0x000001c293d1a0c0 WorkerThread "GC Thread#7"                     [id=133732, stack(0x000000b41c600000,0x000000b41c700000) (1024K)]
  0x000001c293d1a460 WorkerThread "GC Thread#8"                     [id=80192, stack(0x000000b41c700000,0x000000b41c800000) (1024K)]
  0x000001c293858050 WorkerThread "GC Thread#9"                     [id=120284, stack(0x000000b41c800000,0x000000b41c900000) (1024K)]
  0x000001c2938e9bb0 WorkerThread "GC Thread#10"                    [id=153720, stack(0x000000b41c900000,0x000000b41ca00000) (1024K)]
  0x000001c2938eadd0 WorkerThread "GC Thread#11"                    [id=62760, stack(0x000000b41ca00000,0x000000b41cb00000) (1024K)]
  0x000001c2938eb170 WorkerThread "GC Thread#12"                    [id=149116, stack(0x000000b41d300000,0x000000b41d400000) (1024K)]
  0x000001c2938eb510 WorkerThread "GC Thread#13"                    [id=110288, stack(0x000000b41d400000,0x000000b41d500000) (1024K)]
  0x000001c2938eaa30 WorkerThread "GC Thread#14"                    [id=135900, stack(0x000000b41d500000,0x000000b41d600000) (1024K)]
  0x000001c29336cc80 WorkerThread "GC Thread#15"                    [id=96780, stack(0x000000b41d600000,0x000000b41d700000) (1024K)]
  0x000001c29336b320 WorkerThread "GC Thread#16"                    [id=134828, stack(0x000000b41d700000,0x000000b41d800000) (1024K)]
  0x000001c29336a100 WorkerThread "GC Thread#17"                    [id=125100, stack(0x000000b41d800000,0x000000b41d900000) (1024K)]
  0x000001c29336a4a0 WorkerThread "GC Thread#18"                    [id=120812, stack(0x000000b41d900000,0x000000b41da00000) (1024K)]
  0x000001c29336be00 WorkerThread "GC Thread#19"                    [id=66164, stack(0x000000b41da00000,0x000000b41db00000) (1024K)]
  0x000001c29336af80 WorkerThread "GC Thread#20"                    [id=105768, stack(0x000000b41db00000,0x000000b41dc00000) (1024K)]
  0x000001c29336ba60 WorkerThread "GC Thread#21"                    [id=49056, stack(0x000000b41dc00000,0x000000b41dd00000) (1024K)]
  0x000001c29336a840 WorkerThread "GC Thread#22"                    [id=117964, stack(0x000000b41e700000,0x000000b41e800000) (1024K)]
  0x000001c2f0fe9800 ConcurrentGCThread "G1 Main Marker"            [id=46960, stack(0x000000b41ab00000,0x000000b41ac00000) (1024K)]
  0x000001c2f0fea210 WorkerThread "G1 Conc#0"                       [id=59300, stack(0x000000b41ac00000,0x000000b41ad00000) (1024K)]
  0x000001c29336c1a0 WorkerThread "G1 Conc#1"                       [id=122704, stack(0x000000b41dd00000,0x000000b41de00000) (1024K)]
  0x000001c2933699c0 WorkerThread "G1 Conc#2"                       [id=118388, stack(0x000000b41de00000,0x000000b41df00000) (1024K)]
  0x000001c293369620 WorkerThread "G1 Conc#3"                       [id=157836, stack(0x000000b41df00000,0x000000b41e000000) (1024K)]
  0x000001c29336c540 WorkerThread "G1 Conc#4"                       [id=127260, stack(0x000000b41e000000,0x000000b41e100000) (1024K)]
  0x000001c29336b6c0 WorkerThread "G1 Conc#5"                       [id=10516, stack(0x000000b41e100000,0x000000b41e200000) (1024K)]
  0x000001c2fb7f20d0 ConcurrentGCThread "G1 Refine#0"               [id=159648, stack(0x000000b41ad00000,0x000000b41ae00000) (1024K)]
  0x000001c2fb7f3a00 ConcurrentGCThread "G1 Service"                [id=123808, stack(0x000000b41ae00000,0x000000b41af00000) (1024K)]
Total: 34

Threads with active compile tasks:
C2 CompilerThread0  14869 5618       4       sun.reflect.generics.parser.SignatureParser::parsePackageNameAndSimpleClassTypeSignature (119 bytes)
C2 CompilerThread3  14869 5575       4       org.objectweb.asm.MethodWriter::computeAllFrames (510 bytes)
Total: 2

VM state: not at safepoint (normal execution)

VM Mutex/Monitor currently owned by a thread: None

Heap address: 0x0000000080000000, size: 2048 MB, Compressed Oops mode: 32-bit

CDS archive(s) not mapped
Compressed class space mapped at: 0x0000000100000000-0x0000000140000000, reserved size: 1073741824
Narrow klass base: 0x0000000000000000, Narrow klass shift: 3, Narrow klass range: 0x140000000

GC Precious Log:
 CardTable entry size: 512
 Card Set container configuration: InlinePtr #cards 5 size 8 Array Of Cards #cards 12 size 40 Howl #buckets 4 coarsen threshold 1843 Howl Bitmap #cards 512 size 80 coarsen threshold 460 Card regions per heap region 1 cards per card region 2048
 CPUs: 32 total, 32 available
 Memory: 32386M
 Large Page Support: Disabled
 NUMA Support: Disabled
 Compressed Oops: Enabled (32-bit)
 Heap Region Size: 1M
 Heap Min Capacity: 8M
 Heap Initial Capacity: 508M
 Heap Max Capacity: 2G
 Pre-touch: Disabled
 Parallel Workers: 23
 Concurrent Workers: 6
 Concurrent Refinement Workers: 23
 Periodic GC: Disabled

Heap:
 garbage-first heap   total 137216K, used 49753K [0x0000000080000000, 0x0000000100000000)
  region size 1024K, 24 young (24576K), 14 survivors (14336K)
 Metaspace       used 59550K, committed 61120K, reserved 1114112K
  class space    used 8063K, committed 8832K, reserved 1048576K

Heap Regions: E=young(eden), S=young(survivor), O=old, HS=humongous(starts), HC=humongous(continues), CS=collection set, F=free, TAMS=top-at-mark-start, PB=parsable bottom
|   0|0x0000000080000000, 0x0000000080100000, 0x0000000080100000|100%|HS|  |TAMS 0x0000000080000000| PB 0x0000000080000000| Complete 
|   1|0x0000000080100000, 0x0000000080200000, 0x0000000080200000|100%|HC|  |TAMS 0x0000000080100000| PB 0x0000000080100000| Complete 
|   2|0x0000000080200000, 0x0000000080300000, 0x0000000080300000|100%|HC|  |TAMS 0x0000000080200000| PB 0x0000000080200000| Complete 
|   3|0x0000000080300000, 0x0000000080400000, 0x0000000080400000|100%|HC|  |TAMS 0x0000000080300000| PB 0x0000000080300000| Complete 
|   4|0x0000000080400000, 0x0000000080400000, 0x0000000080500000|  0%| F|  |TAMS 0x0000000080400000| PB 0x0000000080400000| Untracked 
|   5|0x0000000080500000, 0x0000000080600000, 0x0000000080600000|100%| O|  |TAMS 0x0000000080500000| PB 0x0000000080500000| Untracked 
|   6|0x0000000080600000, 0x0000000080700000, 0x0000000080700000|100%| O|  |TAMS 0x0000000080600000| PB 0x0000000080600000| Untracked 
|   7|0x0000000080700000, 0x0000000080800000, 0x0000000080800000|100%| O|  |TAMS 0x0000000080700000| PB 0x0000000080700000| Untracked 
|   8|0x0000000080800000, 0x0000000080900000, 0x0000000080900000|100%| O|  |TAMS 0x0000000080800000| PB 0x0000000080800000| Untracked 
|   9|0x0000000080900000, 0x0000000080a00000, 0x0000000080a00000|100%| O|  |TAMS 0x0000000080900000| PB 0x0000000080900000| Untracked 
|  10|0x0000000080a00000, 0x0000000080b00000, 0x0000000080b00000|100%|HS|  |TAMS 0x0000000080a00000| PB 0x0000000080a00000| Complete 
|  11|0x0000000080b00000, 0x0000000080c00000, 0x0000000080c00000|100%| O|  |TAMS 0x0000000080b00000| PB 0x0000000080b00000| Untracked 
|  12|0x0000000080c00000, 0x0000000080d00000, 0x0000000080d00000|100%| O|  |TAMS 0x0000000080c00000| PB 0x0000000080c00000| Untracked 
|  13|0x0000000080d00000, 0x0000000080e00000, 0x0000000080e00000|100%| O|  |TAMS 0x0000000080d00000| PB 0x0000000080d00000| Untracked 
|  14|0x0000000080e00000, 0x0000000080f00000, 0x0000000080f00000|100%| O|  |TAMS 0x0000000080e00000| PB 0x0000000080e00000| Untracked 
|  15|0x0000000080f00000, 0x0000000081000000, 0x0000000081000000|100%| O|  |TAMS 0x0000000080f00000| PB 0x0000000080f00000| Untracked 
|  16|0x0000000081000000, 0x0000000081100000, 0x0000000081100000|100%| O|  |TAMS 0x0000000081000000| PB 0x0000000081000000| Untracked 
|  17|0x0000000081100000, 0x0000000081200000, 0x0000000081200000|100%| O|  |TAMS 0x0000000081100000| PB 0x0000000081100000| Untracked 
|  18|0x0000000081200000, 0x0000000081300000, 0x0000000081300000|100%| O|  |TAMS 0x0000000081200000| PB 0x0000000081200000| Untracked 
|  19|0x0000000081300000, 0x0000000081400000, 0x0000000081400000|100%| O|  |TAMS 0x0000000081300000| PB 0x0000000081300000| Untracked 
|  20|0x0000000081400000, 0x0000000081500000, 0x0000000081500000|100%| O|  |TAMS 0x0000000081400000| PB 0x0000000081400000| Untracked 
|  21|0x0000000081500000, 0x0000000081600000, 0x0000000081600000|100%| O|  |TAMS 0x0000000081500000| PB 0x0000000081500000| Untracked 
|  22|0x0000000081600000, 0x0000000081700000, 0x0000000081700000|100%| O|  |TAMS 0x0000000081600000| PB 0x0000000081600000| Untracked 
|  23|0x0000000081700000, 0x0000000081800000, 0x0000000081800000|100%| O|Cm|TAMS 0x0000000081700000| PB 0x0000000081700000| Complete 
|  24|0x0000000081800000, 0x0000000081900000, 0x0000000081900000|100%| O|  |TAMS 0x0000000081800000| PB 0x0000000081800000| Untracked 
|  25|0x0000000081900000, 0x0000000081a00000, 0x0000000081a00000|100%| O|  |TAMS 0x0000000081900000| PB 0x0000000081900000| Untracked 
|  26|0x0000000081a00000, 0x0000000081b00000, 0x0000000081b00000|100%| O|  |TAMS 0x0000000081a00000| PB 0x0000000081a00000| Untracked 
|  27|0x0000000081b00000, 0x0000000081b00000, 0x0000000081c00000|  0%| F|  |TAMS 0x0000000081b00000| PB 0x0000000081b00000| Untracked 
|  28|0x0000000081c00000, 0x0000000081c00000, 0x0000000081d00000|  0%| F|  |TAMS 0x0000000081c00000| PB 0x0000000081c00000| Untracked 
|  29|0x0000000081d00000, 0x0000000081d00000, 0x0000000081e00000|  0%| F|  |TAMS 0x0000000081d00000| PB 0x0000000081d00000| Untracked 
|  30|0x0000000081e00000, 0x0000000081e00000, 0x0000000081f00000|  0%| F|  |TAMS 0x0000000081e00000| PB 0x0000000081e00000| Untracked 
|  31|0x0000000081f00000, 0x0000000081f00000, 0x0000000082000000|  0%| F|  |TAMS 0x0000000081f00000| PB 0x0000000081f00000| Untracked 
|  32|0x0000000082000000, 0x0000000082000000, 0x0000000082100000|  0%| F|  |TAMS 0x0000000082000000| PB 0x0000000082000000| Untracked 
|  33|0x0000000082100000, 0x0000000082100000, 0x0000000082200000|  0%| F|  |TAMS 0x0000000082100000| PB 0x0000000082100000| Untracked 
|  34|0x0000000082200000, 0x0000000082200000, 0x0000000082300000|  0%| F|  |TAMS 0x0000000082200000| PB 0x0000000082200000| Untracked 
|  35|0x0000000082300000, 0x0000000082300000, 0x0000000082400000|  0%| F|  |TAMS 0x0000000082300000| PB 0x0000000082300000| Untracked 
|  36|0x0000000082400000, 0x0000000082400000, 0x0000000082500000|  0%| F|  |TAMS 0x0000000082400000| PB 0x0000000082400000| Untracked 
|  37|0x0000000082500000, 0x0000000082500000, 0x0000000082600000|  0%| F|  |TAMS 0x0000000082500000| PB 0x0000000082500000| Untracked 
|  38|0x0000000082600000, 0x0000000082600000, 0x0000000082700000|  0%| F|  |TAMS 0x0000000082600000| PB 0x0000000082600000| Untracked 
|  39|0x0000000082700000, 0x0000000082700000, 0x0000000082800000|  0%| F|  |TAMS 0x0000000082700000| PB 0x0000000082700000| Untracked 
|  40|0x0000000082800000, 0x0000000082800000, 0x0000000082900000|  0%| F|  |TAMS 0x0000000082800000| PB 0x0000000082800000| Untracked 
|  41|0x0000000082900000, 0x0000000082900000, 0x0000000082a00000|  0%| F|  |TAMS 0x0000000082900000| PB 0x0000000082900000| Untracked 
|  42|0x0000000082a00000, 0x0000000082a00000, 0x0000000082b00000|  0%| F|  |TAMS 0x0000000082a00000| PB 0x0000000082a00000| Untracked 
|  43|0x0000000082b00000, 0x0000000082b00000, 0x0000000082c00000|  0%| F|  |TAMS 0x0000000082b00000| PB 0x0000000082b00000| Untracked 
|  44|0x0000000082c00000, 0x0000000082c00000, 0x0000000082d00000|  0%| F|  |TAMS 0x0000000082c00000| PB 0x0000000082c00000| Untracked 
|  45|0x0000000082d00000, 0x0000000082d00000, 0x0000000082e00000|  0%| F|  |TAMS 0x0000000082d00000| PB 0x0000000082d00000| Untracked 
|  46|0x0000000082e00000, 0x0000000082e00000, 0x0000000082f00000|  0%| F|  |TAMS 0x0000000082e00000| PB 0x0000000082e00000| Untracked 
|  47|0x0000000082f00000, 0x0000000082f00000, 0x0000000083000000|  0%| F|  |TAMS 0x0000000082f00000| PB 0x0000000082f00000| Untracked 
|  48|0x0000000083000000, 0x0000000083000000, 0x0000000083100000|  0%| F|  |TAMS 0x0000000083000000| PB 0x0000000083000000| Untracked 
|  49|0x0000000083100000, 0x0000000083100000, 0x0000000083200000|  0%| F|  |TAMS 0x0000000083100000| PB 0x0000000083100000| Untracked 
|  50|0x0000000083200000, 0x0000000083200000, 0x0000000083300000|  0%| F|  |TAMS 0x0000000083200000| PB 0x0000000083200000| Untracked 
|  51|0x0000000083300000, 0x0000000083300000, 0x0000000083400000|  0%| F|  |TAMS 0x0000000083300000| PB 0x0000000083300000| Untracked 
|  52|0x0000000083400000, 0x0000000083400000, 0x0000000083500000|  0%| F|  |TAMS 0x0000000083400000| PB 0x0000000083400000| Untracked 
|  53|0x0000000083500000, 0x0000000083500000, 0x0000000083600000|  0%| F|  |TAMS 0x0000000083500000| PB 0x0000000083500000| Untracked 
|  54|0x0000000083600000, 0x0000000083600000, 0x0000000083700000|  0%| F|  |TAMS 0x0000000083600000| PB 0x0000000083600000| Untracked 
|  55|0x0000000083700000, 0x0000000083700000, 0x0000000083800000|  0%| F|  |TAMS 0x0000000083700000| PB 0x0000000083700000| Untracked 
|  56|0x0000000083800000, 0x0000000083800000, 0x0000000083900000|  0%| F|  |TAMS 0x0000000083800000| PB 0x0000000083800000| Untracked 
|  57|0x0000000083900000, 0x0000000083900000, 0x0000000083a00000|  0%| F|  |TAMS 0x0000000083900000| PB 0x0000000083900000| Untracked 
|  58|0x0000000083a00000, 0x0000000083a00000, 0x0000000083b00000|  0%| F|  |TAMS 0x0000000083a00000| PB 0x0000000083a00000| Untracked 
|  59|0x0000000083b00000, 0x0000000083b00000, 0x0000000083c00000|  0%| F|  |TAMS 0x0000000083b00000| PB 0x0000000083b00000| Untracked 
|  60|0x0000000083c00000, 0x0000000083c00000, 0x0000000083d00000|  0%| F|  |TAMS 0x0000000083c00000| PB 0x0000000083c00000| Untracked 
|  61|0x0000000083d00000, 0x0000000083d00000, 0x0000000083e00000|  0%| F|  |TAMS 0x0000000083d00000| PB 0x0000000083d00000| Untracked 
|  62|0x0000000083e00000, 0x0000000083e00000, 0x0000000083f00000|  0%| F|  |TAMS 0x0000000083e00000| PB 0x0000000083e00000| Untracked 
|  63|0x0000000083f00000, 0x0000000083f00000, 0x0000000084000000|  0%| F|  |TAMS 0x0000000083f00000| PB 0x0000000083f00000| Untracked 
|  64|0x0000000084000000, 0x0000000084000000, 0x0000000084100000|  0%| F|  |TAMS 0x0000000084000000| PB 0x0000000084000000| Untracked 
|  65|0x0000000084100000, 0x0000000084100000, 0x0000000084200000|  0%| F|  |TAMS 0x0000000084100000| PB 0x0000000084100000| Untracked 
|  66|0x0000000084200000, 0x0000000084200000, 0x0000000084300000|  0%| F|  |TAMS 0x0000000084200000| PB 0x0000000084200000| Untracked 
|  67|0x0000000084300000, 0x0000000084300000, 0x0000000084400000|  0%| F|  |TAMS 0x0000000084300000| PB 0x0000000084300000| Untracked 
|  68|0x0000000084400000, 0x0000000084400000, 0x0000000084500000|  0%| F|  |TAMS 0x0000000084400000| PB 0x0000000084400000| Untracked 
|  69|0x0000000084500000, 0x0000000084500000, 0x0000000084600000|  0%| F|  |TAMS 0x0000000084500000| PB 0x0000000084500000| Untracked 
|  70|0x0000000084600000, 0x0000000084600000, 0x0000000084700000|  0%| F|  |TAMS 0x0000000084600000| PB 0x0000000084600000| Untracked 
|  71|0x0000000084700000, 0x0000000084700000, 0x0000000084800000|  0%| F|  |TAMS 0x0000000084700000| PB 0x0000000084700000| Untracked 
|  72|0x0000000084800000, 0x0000000084800000, 0x0000000084900000|  0%| F|  |TAMS 0x0000000084800000| PB 0x0000000084800000| Untracked 
|  73|0x0000000084900000, 0x0000000084900000, 0x0000000084a00000|  0%| F|  |TAMS 0x0000000084900000| PB 0x0000000084900000| Untracked 
|  74|0x0000000084a00000, 0x0000000084a00000, 0x0000000084b00000|  0%| F|  |TAMS 0x0000000084a00000| PB 0x0000000084a00000| Untracked 
|  75|0x0000000084b00000, 0x0000000084b00000, 0x0000000084c00000|  0%| F|  |TAMS 0x0000000084b00000| PB 0x0000000084b00000| Untracked 
|  76|0x0000000084c00000, 0x0000000084c00000, 0x0000000084d00000|  0%| F|  |TAMS 0x0000000084c00000| PB 0x0000000084c00000| Untracked 
|  77|0x0000000084d00000, 0x0000000084d00000, 0x0000000084e00000|  0%| F|  |TAMS 0x0000000084d00000| PB 0x0000000084d00000| Untracked 
|  78|0x0000000084e00000, 0x0000000084e00000, 0x0000000084f00000|  0%| F|  |TAMS 0x0000000084e00000| PB 0x0000000084e00000| Untracked 
|  79|0x0000000084f00000, 0x0000000084f00000, 0x0000000085000000|  0%| F|  |TAMS 0x0000000084f00000| PB 0x0000000084f00000| Untracked 
|  80|0x0000000085000000, 0x0000000085000000, 0x0000000085100000|  0%| F|  |TAMS 0x0000000085000000| PB 0x0000000085000000| Untracked 
|  81|0x0000000085100000, 0x0000000085100000, 0x0000000085200000|  0%| F|  |TAMS 0x0000000085100000| PB 0x0000000085100000| Untracked 
|  82|0x0000000085200000, 0x0000000085200000, 0x0000000085300000|  0%| F|  |TAMS 0x0000000085200000| PB 0x0000000085200000| Untracked 
|  83|0x0000000085300000, 0x0000000085300000, 0x0000000085400000|  0%| F|  |TAMS 0x0000000085300000| PB 0x0000000085300000| Untracked 
|  84|0x0000000085400000, 0x0000000085400000, 0x0000000085500000|  0%| F|  |TAMS 0x0000000085400000| PB 0x0000000085400000| Untracked 
|  85|0x0000000085500000, 0x0000000085500000, 0x0000000085600000|  0%| F|  |TAMS 0x0000000085500000| PB 0x0000000085500000| Untracked 
|  86|0x0000000085600000, 0x0000000085600000, 0x0000000085700000|  0%| F|  |TAMS 0x0000000085600000| PB 0x0000000085600000| Untracked 
|  87|0x0000000085700000, 0x0000000085700000, 0x0000000085800000|  0%| F|  |TAMS 0x0000000085700000| PB 0x0000000085700000| Untracked 
|  88|0x0000000085800000, 0x0000000085800000, 0x0000000085900000|  0%| F|  |TAMS 0x0000000085800000| PB 0x0000000085800000| Untracked 
|  89|0x0000000085900000, 0x0000000085900000, 0x0000000085a00000|  0%| F|  |TAMS 0x0000000085900000| PB 0x0000000085900000| Untracked 
|  90|0x0000000085a00000, 0x0000000085a00000, 0x0000000085b00000|  0%| F|  |TAMS 0x0000000085a00000| PB 0x0000000085a00000| Untracked 
|  91|0x0000000085b00000, 0x0000000085b00000, 0x0000000085c00000|  0%| F|  |TAMS 0x0000000085b00000| PB 0x0000000085b00000| Untracked 
|  92|0x0000000085c00000, 0x0000000085c00000, 0x0000000085d00000|  0%| F|  |TAMS 0x0000000085c00000| PB 0x0000000085c00000| Untracked 
|  93|0x0000000085d00000, 0x0000000085d00000, 0x0000000085e00000|  0%| F|  |TAMS 0x0000000085d00000| PB 0x0000000085d00000| Untracked 
|  94|0x0000000085e00000, 0x0000000085e00000, 0x0000000085f00000|  0%| F|  |TAMS 0x0000000085e00000| PB 0x0000000085e00000| Untracked 
|  95|0x0000000085f00000, 0x0000000085f00000, 0x0000000086000000|  0%| F|  |TAMS 0x0000000085f00000| PB 0x0000000085f00000| Untracked 
|  96|0x0000000086000000, 0x0000000086000000, 0x0000000086100000|  0%| F|  |TAMS 0x0000000086000000| PB 0x0000000086000000| Untracked 
|  97|0x0000000086100000, 0x0000000086100000, 0x0000000086200000|  0%| F|  |TAMS 0x0000000086100000| PB 0x0000000086100000| Untracked 
|  98|0x0000000086200000, 0x0000000086200000, 0x0000000086300000|  0%| F|  |TAMS 0x0000000086200000| PB 0x0000000086200000| Untracked 
|  99|0x0000000086300000, 0x0000000086300000, 0x0000000086400000|  0%| F|  |TAMS 0x0000000086300000| PB 0x0000000086300000| Untracked 
| 100|0x0000000086400000, 0x0000000086400000, 0x0000000086500000|  0%| F|  |TAMS 0x0000000086400000| PB 0x0000000086400000| Untracked 
| 101|0x0000000086500000, 0x0000000086500000, 0x0000000086600000|  0%| F|  |TAMS 0x0000000086500000| PB 0x0000000086500000| Untracked 
| 102|0x0000000086600000, 0x0000000086600000, 0x0000000086700000|  0%| F|  |TAMS 0x0000000086600000| PB 0x0000000086600000| Untracked 
| 103|0x0000000086700000, 0x0000000086700000, 0x0000000086800000|  0%| F|  |TAMS 0x0000000086700000| PB 0x0000000086700000| Untracked 
| 104|0x0000000086800000, 0x0000000086800000, 0x0000000086900000|  0%| F|  |TAMS 0x0000000086800000| PB 0x0000000086800000| Untracked 
| 105|0x0000000086900000, 0x0000000086900000, 0x0000000086a00000|  0%| F|  |TAMS 0x0000000086900000| PB 0x0000000086900000| Untracked 
| 106|0x0000000086a00000, 0x0000000086a00000, 0x0000000086b00000|  0%| F|  |TAMS 0x0000000086a00000| PB 0x0000000086a00000| Untracked 
| 107|0x0000000086b00000, 0x0000000086b00000, 0x0000000086c00000|  0%| F|  |TAMS 0x0000000086b00000| PB 0x0000000086b00000| Untracked 
| 108|0x0000000086c00000, 0x0000000086c00000, 0x0000000086d00000|  0%| F|  |TAMS 0x0000000086c00000| PB 0x0000000086c00000| Untracked 
| 109|0x0000000086d00000, 0x0000000086d00000, 0x0000000086e00000|  0%| F|  |TAMS 0x0000000086d00000| PB 0x0000000086d00000| Untracked 
| 110|0x0000000086e00000, 0x0000000086f00000, 0x0000000086f00000|100%| E|  |TAMS 0x0000000086e00000| PB 0x0000000086e00000| Complete 
| 111|0x0000000086f00000, 0x0000000087000000, 0x0000000087000000|100%| E|CS|TAMS 0x0000000086f00000| PB 0x0000000086f00000| Complete 
| 112|0x0000000087000000, 0x0000000087100000, 0x0000000087100000|100%| E|CS|TAMS 0x0000000087000000| PB 0x0000000087000000| Complete 
| 113|0x0000000087100000, 0x0000000087200000, 0x0000000087200000|100%| E|CS|TAMS 0x0000000087100000| PB 0x0000000087100000| Complete 
| 114|0x0000000087200000, 0x0000000087300000, 0x0000000087300000|100%| E|CS|TAMS 0x0000000087200000| PB 0x0000000087200000| Complete 
| 115|0x0000000087300000, 0x0000000087400000, 0x0000000087400000|100%| E|CS|TAMS 0x0000000087300000| PB 0x0000000087300000| Complete 
| 116|0x0000000087400000, 0x0000000087500000, 0x0000000087500000|100%| E|CS|TAMS 0x0000000087400000| PB 0x0000000087400000| Complete 
| 117|0x0000000087500000, 0x0000000087600000, 0x0000000087600000|100%| E|CS|TAMS 0x0000000087500000| PB 0x0000000087500000| Complete 
| 196|0x000000008c400000, 0x000000008c4966f0, 0x000000008c500000| 58%| S|CS|TAMS 0x000000008c400000| PB 0x000000008c400000| Complete 
| 197|0x000000008c500000, 0x000000008c600000, 0x000000008c600000|100%| S|CS|TAMS 0x000000008c500000| PB 0x000000008c500000| Complete 
| 198|0x000000008c600000, 0x000000008c700000, 0x000000008c700000|100%| S|CS|TAMS 0x000000008c600000| PB 0x000000008c600000| Complete 
| 199|0x000000008c700000, 0x000000008c800000, 0x000000008c800000|100%| S|CS|TAMS 0x000000008c700000| PB 0x000000008c700000| Complete 
| 200|0x000000008c800000, 0x000000008c900000, 0x000000008c900000|100%| S|CS|TAMS 0x000000008c800000| PB 0x000000008c800000| Complete 
| 201|0x000000008c900000, 0x000000008ca00000, 0x000000008ca00000|100%| S|CS|TAMS 0x000000008c900000| PB 0x000000008c900000| Complete 
| 202|0x000000008ca00000, 0x000000008cb00000, 0x000000008cb00000|100%| S|CS|TAMS 0x000000008ca00000| PB 0x000000008ca00000| Complete 
| 203|0x000000008cb00000, 0x000000008cc00000, 0x000000008cc00000|100%| S|CS|TAMS 0x000000008cb00000| PB 0x000000008cb00000| Complete 
| 204|0x000000008cc00000, 0x000000008cd00000, 0x000000008cd00000|100%| S|CS|TAMS 0x000000008cc00000| PB 0x000000008cc00000| Complete 
| 205|0x000000008cd00000, 0x000000008ce00000, 0x000000008ce00000|100%| S|CS|TAMS 0x000000008cd00000| PB 0x000000008cd00000| Complete 
| 206|0x000000008ce00000, 0x000000008cf00000, 0x000000008cf00000|100%| S|CS|TAMS 0x000000008ce00000| PB 0x000000008ce00000| Complete 
| 207|0x000000008cf00000, 0x000000008d000000, 0x000000008d000000|100%| S|CS|TAMS 0x000000008cf00000| PB 0x000000008cf00000| Complete 
| 208|0x000000008d000000, 0x000000008d100000, 0x000000008d100000|100%| S|CS|TAMS 0x000000008d000000| PB 0x000000008d000000| Complete 
| 209|0x000000008d100000, 0x000000008d200000, 0x000000008d200000|100%| S|CS|TAMS 0x000000008d100000| PB 0x000000008d100000| Complete 
| 506|0x000000009fa00000, 0x000000009fb00000, 0x000000009fb00000|100%| E|CS|TAMS 0x000000009fa00000| PB 0x000000009fa00000| Complete 
| 507|0x000000009fb00000, 0x000000009fc00000, 0x000000009fc00000|100%| E|CS|TAMS 0x000000009fb00000| PB 0x000000009fb00000| Complete 

Card table byte_map: [0x000001c2f57f0000,0x000001c2f5bf0000] _byte_map_base: 0x000001c2f53f0000

Marking Bits: (CMBitMap*) 0x000001c2f0fd8e60
 Bits: [0x000001c2f5bf0000, 0x000001c2f7bf0000)

Polling page: 0x000001c2eedb0000

Metaspace:

Usage:
  Non-class:     50.31 MB used.
      Class:      7.88 MB used.
       Both:     58.19 MB used.

Virtual space:
  Non-class space:       64.00 MB reserved,      51.12 MB ( 80%) committed,  1 nodes.
      Class space:        1.00 GB reserved,       8.62 MB ( <1%) committed,  1 nodes.
             Both:        1.06 GB reserved,      59.75 MB (  5%) committed. 

Chunk freelists:
   Non-Class:  12.50 MB
       Class:  7.19 MB
        Both:  19.69 MB

MaxMetaspaceSize: unlimited
CompressedClassSpaceSize: 1.00 GB
Initial GC threshold: 21.00 MB
Current GC threshold: 97.94 MB
CDS: off
 - commit_granule_bytes: 65536.
 - commit_granule_words: 8192.
 - virtual_space_node_default_size: 8388608.
 - enlarge_chunks_in_place: 1.
 - use_allocation_guard: 0.


Internal statistics:

num_allocs_failed_limit: 9.
num_arena_births: 2980.
num_arena_deaths: 0.
num_vsnodes_births: 2.
num_vsnodes_deaths: 0.
num_space_committed: 956.
num_space_uncommitted: 0.
num_chunks_returned_to_freelist: 9.
num_chunks_taken_from_freelist: 5341.
num_chunk_merges: 9.
num_chunk_splits: 3455.
num_chunks_enlarged: 2137.
num_inconsistent_stats: 0.

CodeHeap 'non-profiled nmethods': size=118848Kb used=3282Kb max_used=3324Kb free=115565Kb
 bounds [0x000001c287bf0000, 0x000001c287f30000, 0x000001c28f000000]
CodeHeap 'profiled nmethods': size=118848Kb used=9862Kb max_used=10207Kb free=108985Kb
 bounds [0x000001c280000000, 0x000001c280a10000, 0x000001c287410000]
CodeHeap 'non-nmethods': size=8064Kb used=4963Kb max_used=5027Kb free=3100Kb
 bounds [0x000001c287410000, 0x000001c287900000, 0x000001c287bf0000]
 total_blobs=5911 nmethods=5044 adapters=767
 compilation: enabled
              stopped_count=0, restarted_count=0
 full_count=0

Compilation events (20 events):
Event: 13.837 Thread 0x000001c2fba5b600 nmethod 5592 0x000001c2809f7d90 code [0x000001c2809f85a0, 0x000001c2809fd130]
Event: 13.838 Thread 0x000001c297c04e00 5596       4       jdk.internal.org.objectweb.asm.MethodWriter::computeMethodInfoSize (571 bytes)
Event: 13.838 Thread 0x000001c2fba5af30 nmethod 5593 0x000001c2809fe910 code [0x000001c2809ff760, 0x000001c280a05bf8]
Event: 13.842 Thread 0x000001c297c04e00 nmethod 5596 0x000001c287d6f410 code [0x000001c287d6f640, 0x000001c287d6fd70]
Event: 13.844 Thread 0x000001c2fba53b60 nmethod 5543 0x000001c287dc1510 code [0x000001c287dc1bc0, 0x000001c287dc7348]
Event: 13.844 Thread 0x000001c297c04e00 5597       4       java.util.AbstractMap::<init> (5 bytes)
Event: 13.844 Thread 0x000001c297c04e00 nmethod 5597 0x000001c287ce7a90 code [0x000001c287ce7c20, 0x000001c287ce7ca8]
Event: 13.851 Thread 0x000001c2fba5af30 5599       3       com.google.common.collect.RegularImmutableMap::size (6 bytes)
Event: 13.851 Thread 0x000001c2fba5af30 nmethod 5599 0x000001c28036c290 code [0x000001c28036c420, 0x000001c28036c538]
Event: 13.852 Thread 0x000001c2fba53b60 5600       4       java.util.Collections::emptySet (4 bytes)
Event: 13.852 Thread 0x000001c2fba53b60 nmethod 5600 0x000001c287d8c590 code [0x000001c287d8c720, 0x000001c287d8c790]
Event: 13.853 Thread 0x000001c2fba593f0 nmethod 5594 0x000001c287d9af90 code [0x000001c287d9b3c0, 0x000001c287d9ce38]
Event: 13.854 Thread 0x000001c2fba5b600 5601       3       com.google.common.collect.ImmutableSet$Builder::copyIfNecessary (17 bytes)
Event: 13.854 Thread 0x000001c2fba5b600 nmethod 5601 0x000001c280186090 code [0x000001c280186240, 0x000001c280186448]
Event: 14.104 Thread 0x000001c2fba5a860 5602   !   3       java.util.stream.ReferencePipeline$7$1::accept (127 bytes)
Event: 14.104 Thread 0x000001c297c02520 5603       3       java.util.stream.AbstractPipeline::sequential (10 bytes)
Event: 14.104 Thread 0x000001c2fba58d20 5604       3       java.util.stream.AbstractPipeline::close (48 bytes)
Event: 14.105 Thread 0x000001c297c02520 nmethod 5603 0x000001c280372610 code [0x000001c2803727a0, 0x000001c2803728b8]
Event: 14.105 Thread 0x000001c2fba58d20 nmethod 5604 0x000001c2801a9410 code [0x000001c2801a95c0, 0x000001c2801a9858]
Event: 14.105 Thread 0x000001c2fba5a860 nmethod 5602 0x000001c2801d8f10 code [0x000001c2801d91a0, 0x000001c2801da038]

GC Heap History (20 events):
Event: 0.407 GC heap before
{Heap before GC invocations=0 (full 0):
 garbage-first heap   total 520192K, used 28672K [0x0000000080000000, 0x0000000100000000)
  region size 1024K, 25 young (25600K), 0 survivors (0K)
 Metaspace       used 8092K, committed 8256K, reserved 1114112K
  class space    used 714K, committed 768K, reserved 1048576K
}
Event: 0.409 GC heap after
{Heap after GC invocations=1 (full 0):
 garbage-first heap   total 520192K, used 9384K [0x0000000080000000, 0x0000000100000000)
  region size 1024K, 4 young (4096K), 4 survivors (4096K)
 Metaspace       used 8092K, committed 8256K, reserved 1114112K
  class space    used 714K, committed 768K, reserved 1048576K
}
Event: 1.753 GC heap before
{Heap before GC invocations=1 (full 0):
 garbage-first heap   total 520192K, used 43176K [0x0000000080000000, 0x0000000100000000)
  region size 1024K, 37 young (37888K), 4 survivors (4096K)
 Metaspace       used 12268K, committed 12480K, reserved 1114112K
  class space    used 1278K, committed 1408K, reserved 1048576K
}
Event: 1.755 GC heap after
{Heap after GC invocations=2 (full 0):
 garbage-first heap   total 520192K, used 12270K [0x0000000080000000, 0x0000000100000000)
  region size 1024K, 3 young (3072K), 3 survivors (3072K)
 Metaspace       used 12268K, committed 12480K, reserved 1114112K
  class space    used 1278K, committed 1408K, reserved 1048576K
}
Event: 4.109 GC heap before
{Heap before GC invocations=2 (full 0):
 garbage-first heap   total 520192K, used 61422K [0x0000000080000000, 0x0000000100000000)
  region size 1024K, 49 young (50176K), 3 survivors (3072K)
 Metaspace       used 15972K, committed 16256K, reserved 1114112K
  class space    used 1762K, committed 1920K, reserved 1048576K
}
Event: 4.112 GC heap after
{Heap after GC invocations=3 (full 0):
 garbage-first heap   total 520192K, used 19130K [0x0000000080000000, 0x0000000100000000)
  region size 1024K, 7 young (7168K), 7 survivors (7168K)
 Metaspace       used 15972K, committed 16256K, reserved 1114112K
  class space    used 1762K, committed 1920K, reserved 1048576K
}
Event: 10.100 GC heap before
{Heap before GC invocations=3 (full 0):
 garbage-first heap   total 520192K, used 40634K [0x0000000080000000, 0x0000000100000000)
  region size 1024K, 29 young (29696K), 7 survivors (7168K)
 Metaspace       used 21153K, committed 21504K, reserved 1114112K
  class space    used 2420K, committed 2624K, reserved 1048576K
}
Event: 10.106 GC heap after
{Heap after GC invocations=4 (full 0):
 garbage-first heap   total 520192K, used 21271K [0x0000000080000000, 0x0000000100000000)
  region size 1024K, 10 young (10240K), 10 survivors (10240K)
 Metaspace       used 21153K, committed 21504K, reserved 1114112K
  class space    used 2420K, committed 2624K, reserved 1048576K
}
Event: 10.647 GC heap before
{Heap before GC invocations=5 (full 0):
 garbage-first heap   total 75776K, used 73495K [0x0000000080000000, 0x0000000100000000)
  region size 1024K, 62 young (63488K), 10 survivors (10240K)
 Metaspace       used 29537K, committed 30144K, reserved 1114112K
  class space    used 3747K, committed 4032K, reserved 1048576K
}
Event: 10.653 GC heap after
{Heap after GC invocations=6 (full 0):
 garbage-first heap   total 89088K, used 24609K [0x0000000080000000, 0x0000000100000000)
  region size 1024K, 13 young (13312K), 13 survivors (13312K)
 Metaspace       used 29537K, committed 30144K, reserved 1114112K
  class space    used 3747K, committed 4032K, reserved 1048576K
}
Event: 11.114 GC heap before
{Heap before GC invocations=6 (full 0):
 garbage-first heap   total 89088K, used 63521K [0x0000000080000000, 0x0000000100000000)
  region size 1024K, 52 young (53248K), 13 survivors (13312K)
 Metaspace       used 34897K, committed 35776K, reserved 1114112K
  class space    used 4626K, committed 5056K, reserved 1048576K
}
Event: 11.118 GC heap after
{Heap after GC invocations=7 (full 0):
 garbage-first heap   total 89088K, used 26644K [0x0000000080000000, 0x0000000100000000)
  region size 1024K, 6 young (6144K), 6 survivors (6144K)
 Metaspace       used 34897K, committed 35776K, reserved 1114112K
  class space    used 4626K, committed 5056K, reserved 1048576K
}
Event: 11.133 GC heap before
{Heap before GC invocations=7 (full 0):
 garbage-first heap   total 89088K, used 27668K [0x0000000080000000, 0x0000000100000000)
  region size 1024K, 8 young (8192K), 6 survivors (6144K)
 Metaspace       used 35100K, committed 35968K, reserved 1114112K
  class space    used 4666K, committed 5120K, reserved 1048576K
}
Event: 11.137 GC heap after
{Heap after GC invocations=8 (full 0):
 garbage-first heap   total 89088K, used 27355K [0x0000000080000000, 0x0000000100000000)
  region size 1024K, 4 young (4096K), 4 survivors (4096K)
 Metaspace       used 35100K, committed 35968K, reserved 1114112K
  class space    used 4666K, committed 5120K, reserved 1048576K
}
Event: 11.592 GC heap before
{Heap before GC invocations=9 (full 0):
 garbage-first heap   total 89088K, used 75483K [0x0000000080000000, 0x0000000100000000)
  region size 1024K, 52 young (53248K), 4 survivors (4096K)
 Metaspace       used 43478K, committed 44608K, reserved 1114112K
  class space    used 5814K, committed 6400K, reserved 1048576K
}
Event: 11.599 GC heap after
{Heap after GC invocations=10 (full 0):
 garbage-first heap   total 89088K, used 30606K [0x0000000080000000, 0x0000000100000000)
  region size 1024K, 7 young (7168K), 7 survivors (7168K)
 Metaspace       used 43478K, committed 44608K, reserved 1114112K
  class space    used 5814K, committed 6400K, reserved 1048576K
}
Event: 11.976 GC heap before
{Heap before GC invocations=10 (full 0):
 garbage-first heap   total 89088K, used 74638K [0x0000000080000000, 0x0000000100000000)
  region size 1024K, 51 young (52224K), 7 survivors (7168K)
 Metaspace       used 47809K, committed 49088K, reserved 1114112K
  class space    used 6390K, committed 7040K, reserved 1048576K
}
Event: 11.985 GC heap after
{Heap after GC invocations=11 (full 0):
 garbage-first heap   total 305152K, used 34264K [0x0000000080000000, 0x0000000100000000)
  region size 1024K, 7 young (7168K), 7 survivors (7168K)
 Metaspace       used 47809K, committed 49088K, reserved 1114112K
  class space    used 6390K, committed 7040K, reserved 1048576K
}
Event: 13.777 GC heap before
{Heap before GC invocations=11 (full 0):
 garbage-first heap   total 305152K, used 129496K [0x0000000080000000, 0x0000000100000000)
  region size 1024K, 95 young (97280K), 7 survivors (7168K)
 Metaspace       used 58598K, committed 60096K, reserved 1114112K
  class space    used 7870K, committed 8640K, reserved 1048576K
}
Event: 13.785 GC heap after
{Heap after GC invocations=12 (full 0):
 garbage-first heap   total 305152K, used 41010K [0x0000000080000000, 0x0000000100000000)
  region size 1024K, 14 young (14336K), 14 survivors (14336K)
 Metaspace       used 58598K, committed 60096K, reserved 1114112K
  class space    used 7870K, committed 8640K, reserved 1048576K
}

Dll operation events (3 events):
Event: 0.011 Loaded shared library D:\Program Files\Android\Android Studio\jbr\bin\java.dll
Event: 0.017 Loaded shared library D:\Program Files\Android\Android Studio\jbr\bin\zip.dll
Event: 0.425 Loaded shared library D:\Program Files\Android\Android Studio\jbr\bin\verify.dll

Deoptimization events (20 events):
Event: 13.705 Thread 0x000001c2942242c0 DEOPT UNPACKING pc=0x000001c2874646a2 sp=0x000000b41cff7bc0 mode 2
Event: 13.761 Thread 0x000001c2942242c0 Uncommon trap: trap_request=0xffffffde fr.pc=0x000001c287d48308 relative=0x00000000000002c8
Event: 13.761 Thread 0x000001c2942242c0 Uncommon trap: reason=class_check action=maybe_recompile pc=0x000001c287d48308 method=java.util.Collections$SetFromMap.remove(Ljava/lang/Object;)Z @ 5 c2
Event: 13.761 Thread 0x000001c2942242c0 DEOPT PACKING pc=0x000001c287d48308 sp=0x000000b41cff8e80
Event: 13.761 Thread 0x000001c2942242c0 DEOPT UNPACKING pc=0x000001c2874646a2 sp=0x000000b41cff8e68 mode 2
Event: 13.773 Thread 0x000001c2942242c0 Uncommon trap: trap_request=0xffffffde fr.pc=0x000001c287d48308 relative=0x00000000000002c8
Event: 13.773 Thread 0x000001c2942242c0 Uncommon trap: reason=class_check action=maybe_recompile pc=0x000001c287d48308 method=java.util.Collections$SetFromMap.remove(Ljava/lang/Object;)Z @ 5 c2
Event: 13.773 Thread 0x000001c2942242c0 DEOPT PACKING pc=0x000001c287d48308 sp=0x000000b41cff9070
Event: 13.773 Thread 0x000001c2942242c0 DEOPT UNPACKING pc=0x000001c2874646a2 sp=0x000000b41cff9058 mode 2
Event: 13.815 Thread 0x000001c2942242c0 Uncommon trap: trap_request=0xffffff3d fr.pc=0x000001c287cae27c relative=0x0000000000000c7c
Event: 13.815 Thread 0x000001c2942242c0 Uncommon trap: reason=unstable_fused_if action=reinterpret pc=0x000001c287cae27c method=org.objectweb.asm.ByteVector.putUTF8(Ljava/lang/String;)Lorg/objectweb/asm/ByteVector; @ 93 c2
Event: 13.815 Thread 0x000001c2942242c0 DEOPT PACKING pc=0x000001c287cae27c sp=0x000000b41cff7f60
Event: 13.815 Thread 0x000001c2942242c0 DEOPT UNPACKING pc=0x000001c2874646a2 sp=0x000000b41cff7eb8 mode 2
Event: 13.834 Thread 0x000001c2942242c0 Uncommon trap: trap_request=0xffffff45 fr.pc=0x000001c287efcff8 relative=0x0000000000000f38
Event: 13.834 Thread 0x000001c2942242c0 Uncommon trap: reason=unstable_if action=reinterpret pc=0x000001c287efcff8 method=org.objectweb.asm.Frame.execute(IILorg/objectweb/asm/Symbol;Lorg/objectweb/asm/SymbolTable;)V @ 1 c2
Event: 13.834 Thread 0x000001c2942242c0 DEOPT PACKING pc=0x000001c287efcff8 sp=0x000000b41cff8f50
Event: 13.834 Thread 0x000001c2942242c0 DEOPT UNPACKING pc=0x000001c2874646a2 sp=0x000000b41cff8ed8 mode 2
Event: 13.858 Thread 0x000001c2942242c0 Uncommon trap: trap_request=0xffffff45 fr.pc=0x000001c287eccd18 relative=0x00000000000002b8
Event: 13.858 Thread 0x000001c2942242c0 Uncommon trap: reason=unstable_if action=reinterpret pc=0x000001c287eccd18 method=org.gradle.internal.instantiation.generator.AbstractClassGenerator$InjectionAnnotationValidator.validateMethod(Ljava/lang/reflect/Method;Lorg/gradle/internal/reflect/Propert
Event: 13.858 Thread 0x000001c2942242c0 DEOPT PACKING pc=0x000001c287eccd18 sp=0x000000b41cff9090

Classes loaded (20 events):
Event: 12.515 Loading class javax/net/ssl/TrustManager
Event: 12.515 Loading class javax/net/ssl/TrustManager done
Event: 12.515 Loading class javax/net/ssl/X509TrustManager
Event: 12.515 Loading class javax/net/ssl/X509TrustManager done
Event: 12.516 Loading class javax/net/ssl/SSLPeerUnverifiedException
Event: 12.516 Loading class javax/net/ssl/SSLException
Event: 12.516 Loading class javax/net/ssl/SSLException done
Event: 12.516 Loading class javax/net/ssl/SSLPeerUnverifiedException done
Event: 12.516 Loading class java/security/cert/CertificateParsingException
Event: 12.516 Loading class java/security/cert/CertificateException
Event: 12.516 Loading class java/security/cert/CertificateException done
Event: 12.516 Loading class java/security/cert/CertificateParsingException done
Event: 12.516 Loading class javax/naming/NamingException
Event: 12.516 Loading class javax/naming/NamingException done
Event: 12.516 Loading class javax/naming/InvalidNameException
Event: 12.516 Loading class javax/naming/InvalidNameException done
Event: 13.637 Loading class java/io/DeleteOnExitHook
Event: 13.637 Loading class java/io/DeleteOnExitHook done
Event: 13.637 Loading class java/io/DeleteOnExitHook$1
Event: 13.637 Loading class java/io/DeleteOnExitHook$1 done

Classes unloaded (0 events):
No events

Classes redefined (0 events):
No events

Internal exceptions (20 events):
Event: 12.552 Thread 0x000001c2942242c0 Exception <a 'java/lang/ClassNotFoundException'{0x000000008edecef8}: org/gradle/api/internal/project/ProjectScriptCustomizer> (0x000000008edecef8) 
thrown [s\src\hotspot\share\classfile\systemDictionary.cpp, line 312]
Event: 12.553 Thread 0x000001c2942242c0 Exception <a 'java/lang/ClassNotFoundException'{0x000000008ec045c8}: build_vod4kfgc8oseldudoxqmsadvCustomizer> (0x000000008ec045c8) 
thrown [s\src\hotspot\share\classfile\systemDictionary.cpp, line 312]
Event: 12.558 Thread 0x000001c2942242c0 Exception <a 'java/lang/ClassNotFoundException'{0x000000008ec5d2a8}: org/gradle/plugin/use/internal/PluginRequestCollector$PluginDependenciesSpecImplBeanInfo> (0x000000008ec5d2a8) 
thrown [s\src\hotspot\share\classfile\systemDictionary.cpp, line 312]
Event: 12.559 Thread 0x000001c2942242c0 Exception <a 'java/lang/ClassNotFoundException'{0x000000008ec6cb10}: org/gradle/plugin/use/internal/PluginRequestCollector$PluginDependenciesSpecImplCustomizer> (0x000000008ec6cb10) 
thrown [s\src\hotspot\share\classfile\systemDictionary.cpp, line 312]
Event: 12.559 Thread 0x000001c2942242c0 Exception <a 'java/lang/NoSuchMethodError'{0x000000008ec7ad68}: 'java.lang.Object java.lang.invoke.DirectMethodHandle$Holder.invokeVirtual(java.lang.Object, java.lang.Object, java.lang.Object, int)'> (0x000000008ec7ad68) 
thrown [s\src\hotspot\share\interpreter\linkResolver.cpp, line 784]
Event: 12.561 Thread 0x000001c2942242c0 Exception <a 'java/lang/ClassNotFoundException'{0x000000008ecc08b0}: org/gradle/plugin/use/internal/PluginRequestCollector$PluginDependencySpecImplBeanInfo> (0x000000008ecc08b0) 
thrown [s\src\hotspot\share\classfile\systemDictionary.cpp, line 312]
Event: 12.562 Thread 0x000001c2942242c0 Exception <a 'java/lang/ClassNotFoundException'{0x000000008ecd00d0}: org/gradle/plugin/use/internal/PluginRequestCollector$PluginDependencySpecImplCustomizer> (0x000000008ecd00d0) 
thrown [s\src\hotspot\share\classfile\systemDictionary.cpp, line 312]
Event: 13.605 Thread 0x000001c2942242c0 Exception <a 'java/lang/NoSuchMethodError'{0x000000008e7180b8}: 'java.lang.Object java.lang.invoke.DirectMethodHandle$Holder.newInvokeSpecial(java.lang.Object, java.lang.Object, java.lang.Object, java.lang.Object, java.lang.Object, java.lang.Object, java.lang.Object, java.lang.Object, java.lang.Object, java.lang.Object, java.lang.Object, java.lang.Object, java.lang.Object, java.lang.Object, java.lang.Object, java.lang.Object, java.lang.Object, java.lang.Object, java.lang.Object, java.lang.Object, java.lang
Event: 13.654 Thread 0x000001c2942242c0 Exception <a 'java/lang/NoSuchMethodError'{0x000000008e131848}: 'java.lang.Object java.lang.invoke.DirectMethodHandle$Holder.newInvokeSpecial(java.lang.Object, int, java.lang.Object)'> (0x000000008e131848) 
thrown [s\src\hotspot\share\interpreter\linkResolver.cpp, line 784]
Event: 13.691 Thread 0x000001c2942242c0 Exception <a 'java/lang/NoSuchMethodError'{0x000000008db50590}: 'java.lang.Object java.lang.invoke.DirectMethodHandle$Holder.newInvokeSpecial(java.lang.Object, java.lang.Object, java.lang.Object, int)'> (0x000000008db50590) 
thrown [s\src\hotspot\share\interpreter\linkResolver.cpp, line 784]
Event: 13.691 Thread 0x000001c2942242c0 Exception <a 'java/lang/NoSuchMethodError'{0x000000008db54bf0}: 'java.lang.Object java.lang.invoke.Invokers$Holder.linkToTargetMethod(java.lang.Object, java.lang.Object, int, java.lang.Object)'> (0x000000008db54bf0) 
thrown [s\src\hotspot\share\interpreter\linkResolver.cpp, line 784]
Event: 13.713 Thread 0x000001c2942242c0 Exception <a 'java/lang/NoSuchMethodError'{0x000000008d989b58}: 'int java.lang.invoke.DirectMethodHandle$Holder.invokeSpecialIFC(java.lang.Object, java.lang.Object, java.lang.Object)'> (0x000000008d989b58) 
thrown [s\src\hotspot\share\interpreter\linkResolver.cpp, line 784]
Event: 13.747 Thread 0x000001c2942242c0 Exception <a 'java/lang/NoSuchMethodError'{0x000000008d528120}: 'java.lang.Object java.lang.invoke.DirectMethodHandle$Holder.newInvokeSpecial(java.lang.Object, java.lang.Object, java.lang.Object, java.lang.Object, int)'> (0x000000008d528120) 
thrown [s\src\hotspot\share\interpreter\linkResolver.cpp, line 784]
Event: 13.748 Thread 0x000001c2942242c0 Exception <a 'java/lang/NoSuchMethodError'{0x000000008d52d1a0}: 'java.lang.Object java.lang.invoke.DirectMethodHandle$Holder.invokeSpecial(java.lang.Object, java.lang.Object, java.lang.Object, java.lang.Object, java.lang.Object, int)'> (0x000000008d52d1a0) 
thrown [s\src\hotspot\share\interpreter\linkResolver.cpp, line 784]
Event: 13.748 Thread 0x000001c2942242c0 Exception <a 'java/lang/NoSuchMethodError'{0x000000008d531b98}: 'java.lang.Object java.lang.invoke.Invokers$Holder.linkToTargetMethod(java.lang.Object, java.lang.Object, java.lang.Object, int, java.lang.Object)'> (0x000000008d531b98) 
thrown [s\src\hotspot\share\interpreter\linkResolver.cpp, line 784]
Event: 13.753 Thread 0x000001c2942242c0 Exception <a 'java/lang/NoSuchMethodError'{0x000000008d5866c8}: 'java.lang.Object java.lang.invoke.DirectMethodHandle$Holder.invokeSpecial(java.lang.Object, java.lang.Object, java.lang.Object, java.lang.Object, java.lang.Object, long)'> (0x000000008d5866c8) 
thrown [s\src\hotspot\share\interpreter\linkResolver.cpp, line 784]
Event: 13.754 Thread 0x000001c2942242c0 Exception <a 'java/lang/NoSuchMethodError'{0x000000008d5abfa0}: 'void java.lang.invoke.DirectMethodHandle$Holder.invokeStatic(java.lang.Object, java.lang.Object, java.lang.Object, int, java.lang.Object)'> (0x000000008d5abfa0) 
thrown [s\src\hotspot\share\interpreter\linkResolver.cpp, line 784]
Event: 13.764 Thread 0x000001c2942242c0 Exception <a 'java/lang/NoSuchMethodError'{0x000000008d4f88b0}: 'int java.lang.invoke.DirectMethodHandle$Holder.invokeInterface(java.lang.Object, java.lang.Object, java.lang.Object, java.lang.Object, java.lang.Object)'> (0x000000008d4f88b0) 
thrown [s\src\hotspot\share\interpreter\linkResolver.cpp, line 784]
Event: 13.802 Thread 0x000001c2942242c0 Exception <a 'java/lang/NoSuchMethodError'{0x000000008753e5e0}: 'java.lang.Object java.lang.invoke.DirectMethodHandle$Holder.newInvokeSpecial(java.lang.Object, java.lang.Object, java.lang.Object, java.lang.Object, java.lang.Object, java.lang.Object, java.lang.Object, java.lang.Object, java.lang.Object, java.lang.Object, java.lang.Object, java.lang.Object, java.lang.Object)'> (0x000000008753e5e0) 
thrown [s\src\hotspot\share\interpreter\linkResolver.cpp, line 784]
Event: 13.850 Thread 0x000001c2942242c0 Exception <a 'java/lang/NoSuchMethodError'{0x0000000087032f98}: 'int java.lang.invoke.DirectMethodHandle$Holder.invokeInterface(java.lang.Object, java.lang.Object, java.lang.Object, java.lang.Object)'> (0x0000000087032f98) 
thrown [s\src\hotspot\share\interpreter\linkResolver.cpp, line 784]

ZGC Phase Switch (0 events):
No events

VM Operations (20 events):
Event: 11.985 Executing VM operation: G1CollectForAllocation (G1 Evacuation Pause) done
Event: 12.281 Executing VM operation: ICBufferFull
Event: 12.281 Executing VM operation: ICBufferFull done
Event: 12.314 Executing VM operation: HandshakeAllThreads (Deoptimize)
Event: 12.314 Executing VM operation: HandshakeAllThreads (Deoptimize) done
Event: 12.422 Executing VM operation: HandshakeAllThreads (Deoptimize)
Event: 12.422 Executing VM operation: HandshakeAllThreads (Deoptimize) done
Event: 12.462 Executing VM operation: ICBufferFull
Event: 12.463 Executing VM operation: ICBufferFull done
Event: 13.776 Executing VM operation: CollectForMetadataAllocation (Metadata GC Threshold)
Event: 13.785 Executing VM operation: CollectForMetadataAllocation (Metadata GC Threshold) done
Event: 13.790 Executing VM operation: G1PauseRemark
Event: 13.792 Executing VM operation: G1PauseRemark done
Event: 13.796 Executing VM operation: G1PauseCleanup
Event: 13.796 Executing VM operation: G1PauseCleanup done
Event: 13.844 Executing VM operation: HandshakeAllThreads (Deoptimize)
Event: 13.844 Executing VM operation: HandshakeAllThreads (Deoptimize) done
Event: 13.849 Executing VM operation: HandshakeAllThreads (Deoptimize)
Event: 13.850 Executing VM operation: HandshakeAllThreads (Deoptimize) done
Event: 14.849 Executing VM operation: Cleanup

Memory protections (0 events):
No events

Nmethod flushes (20 events):
Event: 13.791 Thread 0x000001c2fb9a1590 flushing  nmethod 0x000001c2803de190
Event: 13.791 Thread 0x000001c2fb9a1590 flushing  nmethod 0x000001c2803df910
Event: 13.791 Thread 0x000001c2fb9a1590 flushing  nmethod 0x000001c287d3bf90
Event: 13.791 Thread 0x000001c2fb9a1590 flushing  nmethod 0x000001c28004e590
Event: 13.791 Thread 0x000001c2fb9a1590 flushing  nmethod 0x000001c28004f590
Event: 13.791 Thread 0x000001c2fb9a1590 flushing  nmethod 0x000001c280053090
Event: 13.791 Thread 0x000001c2fb9a1590 flushing  nmethod 0x000001c2800b6110
Event: 13.791 Thread 0x000001c2fb9a1590 flushing  nmethod 0x000001c2800b6890
Event: 13.791 Thread 0x000001c2fb9a1590 flushing  nmethod 0x000001c280121f10
Event: 13.791 Thread 0x000001c2fb9a1590 flushing  nmethod 0x000001c2801eb590
Event: 13.791 Thread 0x000001c2fb9a1590 flushing  nmethod 0x000001c2801eef10
Event: 13.791 Thread 0x000001c2fb9a1590 flushing  nmethod 0x000001c2801f0790
Event: 13.791 Thread 0x000001c2fb9a1590 flushing  nmethod 0x000001c280372610
Event: 13.791 Thread 0x000001c2fb9a1590 flushing  nmethod 0x000001c2803fca10
Event: 13.791 Thread 0x000001c2fb9a1590 flushing  nmethod 0x000001c2805a9a10
Event: 13.791 Thread 0x000001c2fb9a1590 flushing  nmethod 0x000001c2802b8090
Event: 13.791 Thread 0x000001c2fb9a1590 flushing  nmethod 0x000001c280380610
Event: 13.791 Thread 0x000001c2fb9a1590 flushing  nmethod 0x000001c28041b490
Event: 13.791 Thread 0x000001c2fb9a1590 flushing  nmethod 0x000001c2804a1990
Event: 13.791 Thread 0x000001c2fb9a1590 flushing  nmethod 0x000001c280533c10

Events (20 events):
Event: 10.330 Thread 0x000001c2942242c0 Thread added: 0x000001c2950c8f60
Event: 10.375 Thread 0x000001c2fba5af30 Thread added: 0x000001c2fba5bcd0
Event: 10.419 Thread 0x000001c2fba58d20 Thread added: 0x000001c2fba593f0
Event: 10.749 Thread 0x000001c2fba5a860 Thread added: 0x000001c2fba5a190
Event: 10.883 Thread 0x000001c2942242c0 Thread added: 0x000001c2950c9c80
Event: 10.899 Thread 0x000001c2942242c0 Thread added: 0x000001c2950ca9a0
Event: 11.039 Thread 0x000001c2942242c0 Thread added: 0x000001c2950ca310
Event: 11.044 Thread 0x000001c2942242c0 Thread added: 0x000001c297d4e000
Event: 11.209 Thread 0x000001c2942242c0 Thread added: 0x000001c297d4e690
Event: 11.234 Thread 0x000001c2942242c0 Thread added: 0x000001c297d4bf30
Event: 11.331 Thread 0x000001c2942242c0 Thread added: 0x000001c297d4cc50
Event: 11.397 Thread 0x000001c2942242c0 Thread added: 0x000001c297d4ed20
Event: 11.696 Thread 0x000001c2fba5af30 Thread added: 0x000001c297c02520
Event: 11.772 Thread 0x000001c2fba53b60 Thread added: 0x000001c297c04730
Event: 11.841 Thread 0x000001c2fba593f0 Thread added: 0x000001c297c04e00
Event: 11.874 Thread 0x000001c2942242c0 Thread added: 0x000001c297d4d2e0
Event: 12.181 Thread 0x000001c2942242c0 Thread added: 0x000001c29846abf0
Event: 12.545 Thread 0x000001c2942242c0 Thread added: 0x000001c298469840
Event: 14.104 Thread 0x000001c297c04e00 Thread exited: 0x000001c297c04e00
Event: 14.105 Thread 0x000001c297c04730 Thread exited: 0x000001c297c04730


Dynamic libraries:
0x00007ff6a9620000 - 0x00007ff6a962a000 	D:\Program Files\Android\Android Studio\jbr\bin\java.exe
0x00007ffcd4d60000 - 0x00007ffcd4fc8000 	C:\WINDOWS\SYSTEM32\ntdll.dll
0x00007ffcd48a0000 - 0x00007ffcd4969000 	C:\WINDOWS\System32\KERNEL32.DLL
0x00007ffcd2090000 - 0x00007ffcd247d000 	C:\WINDOWS\System32\KERNELBASE.dll
0x00007ffcd28d0000 - 0x00007ffcd2a1b000 	C:\WINDOWS\System32\ucrtbase.dll
0x00007ffcc8700000 - 0x00007ffcc871b000 	D:\Program Files\Android\Android Studio\jbr\bin\VCRUNTIME140.dll
0x00007ffc99b50000 - 0x00007ffc99b68000 	D:\Program Files\Android\Android Studio\jbr\bin\jli.dll
0x00007ffcd3470000 - 0x00007ffcd363c000 	C:\WINDOWS\System32\USER32.dll
0x00007ffcb79d0000 - 0x00007ffcb7c6a000 	C:\WINDOWS\WinSxS\amd64_microsoft.windows.common-controls_6595b64144ccf1df_6.0.26100.4484_none_3e0e6d4ce32ef3b3\COMCTL32.dll
0x00007ffcd1e80000 - 0x00007ffcd1ea7000 	C:\WINDOWS\System32\win32u.dll
0x00007ffcd3640000 - 0x00007ffcd36e9000 	C:\WINDOWS\System32\msvcrt.dll
0x00007ffcd3950000 - 0x00007ffcd397b000 	C:\WINDOWS\System32\GDI32.dll
0x00007ffcd1f50000 - 0x00007ffcd2087000 	C:\WINDOWS\System32\gdi32full.dll
0x00007ffcd2a20000 - 0x00007ffcd2ac3000 	C:\WINDOWS\System32\msvcp_win.dll
0x00007ffcd4350000 - 0x00007ffcd437f000 	C:\WINDOWS\System32\IMM32.DLL
0x00007ffcc8780000 - 0x00007ffcc878c000 	D:\Program Files\Android\Android Studio\jbr\bin\vcruntime140_1.dll
0x00007ffc4b440000 - 0x00007ffc4b4cd000 	D:\Program Files\Android\Android Studio\jbr\bin\msvcp140.dll
0x00007ffb99780000 - 0x00007ffb9a40a000 	D:\Program Files\Android\Android Studio\jbr\bin\server\jvm.dll
0x00007ffcd2ad0000 - 0x00007ffcd2b84000 	C:\WINDOWS\System32\ADVAPI32.dll
0x00007ffcd4a30000 - 0x00007ffcd4ad6000 	C:\WINDOWS\System32\sechost.dll
0x00007ffcd3350000 - 0x00007ffcd3468000 	C:\WINDOWS\System32\RPCRT4.dll
0x00007ffcd4970000 - 0x00007ffcd49e4000 	C:\WINDOWS\System32\WS2_32.dll
0x00007ffcd0aa0000 - 0x00007ffcd0afe000 	C:\WINDOWS\SYSTEM32\POWRPROF.dll
0x00007ffcc99c0000 - 0x00007ffcc99cb000 	C:\WINDOWS\SYSTEM32\VERSION.dll
0x00007ffcc6c20000 - 0x00007ffcc6c55000 	C:\WINDOWS\SYSTEM32\WINMM.dll
0x00007ffcd0a80000 - 0x00007ffcd0a94000 	C:\WINDOWS\SYSTEM32\UMPDC.dll
0x00007ffcd0ca0000 - 0x00007ffcd0cbb000 	C:\WINDOWS\SYSTEM32\kernel.appcore.dll
0x00007ffcc86d0000 - 0x00007ffcc86da000 	D:\Program Files\Android\Android Studio\jbr\bin\jimage.dll
0x00007ffcced00000 - 0x00007ffccef41000 	C:\WINDOWS\SYSTEM32\DBGHELP.DLL
0x00007ffcd4390000 - 0x00007ffcd4716000 	C:\WINDOWS\System32\combase.dll
0x00007ffcd4720000 - 0x00007ffcd4800000 	C:\WINDOWS\System32\OLEAUT32.dll
0x00007ffcb04e0000 - 0x00007ffcb0523000 	C:\WINDOWS\SYSTEM32\dbgcore.DLL
0x00007ffcd1eb0000 - 0x00007ffcd1f49000 	C:\WINDOWS\System32\bcryptPrimitives.dll
0x00007ffca74e0000 - 0x00007ffca74ee000 	D:\Program Files\Android\Android Studio\jbr\bin\instrument.dll
0x00007ffcc86b0000 - 0x00007ffcc86d0000 	D:\Program Files\Android\Android Studio\jbr\bin\java.dll
0x00007ffcc8690000 - 0x00007ffcc86a8000 	D:\Program Files\Android\Android Studio\jbr\bin\zip.dll
0x00007ffcd2c00000 - 0x00007ffcd334a000 	C:\WINDOWS\System32\SHELL32.dll
0x00007ffcd2540000 - 0x00007ffcd26b4000 	C:\WINDOWS\System32\wintypes.dll
0x00007ffccfb00000 - 0x00007ffcd035b000 	C:\WINDOWS\SYSTEM32\windows.storage.dll
0x00007ffcd37a0000 - 0x00007ffcd3895000 	C:\WINDOWS\System32\SHCORE.dll
0x00007ffcd2b90000 - 0x00007ffcd2bfa000 	C:\WINDOWS\System32\shlwapi.dll
0x00007ffcd1d90000 - 0x00007ffcd1dbf000 	C:\WINDOWS\SYSTEM32\profapi.dll
0x00007ffcc6aa0000 - 0x00007ffcc6ab0000 	D:\Program Files\Android\Android Studio\jbr\bin\net.dll
0x00007ffccad00000 - 0x00007ffccae1e000 	C:\WINDOWS\SYSTEM32\WINHTTP.dll
0x00007ffcd12d0000 - 0x00007ffcd133a000 	C:\WINDOWS\system32\mswsock.dll
0x00007ffcc6a80000 - 0x00007ffcc6a96000 	D:\Program Files\Android\Android Studio\jbr\bin\nio.dll
0x00007ffcc6920000 - 0x00007ffcc6930000 	D:\Program Files\Android\Android Studio\jbr\bin\verify.dll
0x00007ffcccb10000 - 0x00007ffcccb37000 	C:\Users\1\.gradle\native\c067742578af261105cb4f569cf0c3c89f3d7b1fecec35dd04571415982c5e48\windows-amd64\native-platform.dll
0x00007ffc36e30000 - 0x00007ffc36f74000 	C:\Users\1\.gradle\native\100fb08df4bc3b14c8652ba06237920a3bd2aa13389f12d3474272988ae205f9\windows-amd64\native-platform-file-events.dll
0x00007ffcc6a60000 - 0x00007ffcc6a69000 	D:\Program Files\Android\Android Studio\jbr\bin\management.dll
0x00007ffcc69f0000 - 0x00007ffcc69fb000 	D:\Program Files\Android\Android Studio\jbr\bin\management_ext.dll
0x00007ffcd3980000 - 0x00007ffcd3988000 	C:\WINDOWS\System32\PSAPI.DLL
0x00007ffcd1590000 - 0x00007ffcd15ab000 	C:\WINDOWS\SYSTEM32\CRYPTSP.dll
0x00007ffcd0cc0000 - 0x00007ffcd0cfb000 	C:\WINDOWS\system32\rsaenh.dll
0x00007ffcd1370000 - 0x00007ffcd139b000 	C:\WINDOWS\SYSTEM32\USERENV.dll
0x00007ffcd1d60000 - 0x00007ffcd1d86000 	C:\WINDOWS\SYSTEM32\bcrypt.dll
0x00007ffcd1580000 - 0x00007ffcd158c000 	C:\WINDOWS\SYSTEM32\CRYPTBASE.dll
0x00007ffcd0820000 - 0x00007ffcd0853000 	C:\WINDOWS\SYSTEM32\IPHLPAPI.DLL
0x00007ffcd49f0000 - 0x00007ffcd49fa000 	C:\WINDOWS\System32\NSI.dll
0x00007ffcc6a70000 - 0x00007ffcc6a79000 	D:\Program Files\Android\Android Studio\jbr\bin\extnet.dll
0x00007ffcb1940000 - 0x00007ffcb1948000 	C:\WINDOWS\system32\wshunix.dll

dbghelp: loaded successfully - version: 4.0.5 - missing functions: none
symbol engine: initialized successfully - sym options: 0x614 - pdb path: .;D:\Program Files\Android\Android Studio\jbr\bin;C:\WINDOWS\SYSTEM32;C:\WINDOWS\WinSxS\amd64_microsoft.windows.common-controls_6595b64144ccf1df_6.0.26100.4484_none_3e0e6d4ce32ef3b3;D:\Program Files\Android\Android Studio\jbr\bin\server;C:\Users\1\.gradle\native\c067742578af261105cb4f569cf0c3c89f3d7b1fecec35dd04571415982c5e48\windows-amd64;C:\Users\1\.gradle\native\100fb08df4bc3b14c8652ba06237920a3bd2aa13389f12d3474272988ae205f9\windows-amd64

VM Arguments:
jvm_args: --add-opens=java.base/java.util=ALL-UNNAMED --add-opens=java.base/java.lang=ALL-UNNAMED --add-opens=java.base/java.lang.invoke=ALL-UNNAMED --add-opens=java.prefs/java.util.prefs=ALL-UNNAMED --add-exports=jdk.compiler/com.sun.tools.javac.api=ALL-UNNAMED --add-exports=jdk.compiler/com.sun.tools.javac.util=ALL-UNNAMED --add-opens=java.base/java.nio.charset=ALL-UNNAMED --add-opens=java.base/java.net=ALL-UNNAMED --add-opens=java.base/java.util.concurrent.atomic=ALL-UNNAMED -Xmx2048m -Dfile.encoding=UTF-8 -Duser.country=CN -Duser.language=zh -Duser.variant -javaagent:C:\Users\1\.gradle\wrapper\dists\gradle-8.10-bin\deqhafrv1ntovfmgh0nh3npr9\gradle-8.10\lib\agents\gradle-instrumentation-agent-8.10.jar 
java_command: org.gradle.launcher.daemon.bootstrap.GradleDaemon 8.10
java_class_path (initial): C:\Users\1\.gradle\wrapper\dists\gradle-8.10-bin\deqhafrv1ntovfmgh0nh3npr9\gradle-8.10\lib\gradle-daemon-main-8.10.jar
Launcher Type: SUN_STANDARD

[Global flags]
     intx CICompilerCount                          = 15                                        {product} {ergonomic}
     uint ConcGCThreads                            = 6                                         {product} {ergonomic}
     uint G1ConcRefinementThreads                  = 23                                        {product} {ergonomic}
   size_t G1HeapRegionSize                         = 1048576                                   {product} {ergonomic}
    uintx GCDrainStackTargetSize                   = 64                                        {product} {ergonomic}
   size_t InitialHeapSize                          = 532676608                                 {product} {ergonomic}
   size_t MarkStackSize                            = 4194304                                   {product} {ergonomic}
   size_t MaxHeapSize                              = 2147483648                                {product} {command line}
   size_t MaxNewSize                               = 1287651328                                {product} {ergonomic}
   size_t MinHeapDeltaBytes                        = 1048576                                   {product} {ergonomic}
   size_t MinHeapSize                              = 8388608                                   {product} {ergonomic}
    uintx NonNMethodCodeHeapSize                   = 8192380                                {pd product} {ergonomic}
    uintx NonProfiledCodeHeapSize                  = 121732930                              {pd product} {ergonomic}
    uintx ProfiledCodeHeapSize                     = 121732930                              {pd product} {ergonomic}
    uintx ReservedCodeCacheSize                    = 251658240                              {pd product} {ergonomic}
     bool SegmentedCodeCache                       = true                                      {product} {ergonomic}
   size_t SoftMaxHeapSize                          = 2147483648                             {manageable} {ergonomic}
     bool UseCompressedOops                        = true                           {product lp64_product} {ergonomic}
     bool UseG1GC                                  = true                                      {product} {ergonomic}
     bool UseLargePagesIndividualAllocation        = false                                  {pd product} {ergonomic}

Logging:
Log output configuration:
 #0: stdout all=warning uptime,level,tags foldmultilines=false
 #1: stderr all=off uptime,level,tags foldmultilines=false

Environment Variables:
PATH=C:\WINDOWS\system32;C:\WINDOWS;C:\WINDOWS\System32\Wbem;C:\WINDOWS\System32\WindowsPowerShell\v1.0\;C:\WINDOWS\System32\OpenSSH\;C:\Program Files (x86)\NVIDIA Corporation\PhysX\Common;C:\Program Files\NVIDIA Corporation\NVIDIA NvDLISR;C:\Program Files\dotnet\;C:\Program Files (x86)\Incredibuild;D:\Windows Kits\10\Windows Performance Toolkit\;C:\Program Files\Netease\MuMu Player 12\shell;D:\Program Files\JetBrains\IntelliJ IDEA 2024.3.5\jbr\bin;C:\Users\1\PyCharmMiscProject\.venv\Scripts;D:\Program Files\MATLAB\R2024b\runtime\win64;D:\Program Files\MATLAB\R2024b\bin;C:\Users\1\AppData\Local\Programs\Python\Launcher\;C:\Users\1\AppData\Local\Microsoft\WindowsApps;D:\Program Files\JetBrains\IntelliJ IDEA 2024.3.5\bin;;D:\Program Files\JetBrains\WebStorm 2024.3.5\bin;;C:\Program Files\JetBrains\PyCharm 2024.3.5\bin;;C:\Users\1\.dotnet\tools
USERNAME=1
OS=Windows_NT
PROCESSOR_IDENTIFIER=Intel64 Family 6 Model 183 Stepping 1, GenuineIntel
TMP=C:\Users\1\AppData\Local\Temp
TEMP=C:\Users\1\AppData\Local\Temp




Periodic native trim disabled

JNI global refs:
JNI global refs: 40, weak refs: 0

JNI global refs memory usage: 835, weak refs: 833

Process memory usage:
Resident Set Size: 327492K (0% of 33163800K total physical memory with 1508764K free physical memory)

OOME stack traces (most recent first):
Classloader memory used:
Loader org.gradle.internal.classloader.VisitableURLClassLoader                         : 28088K
Loader bootstrap                                                                       : 22433K
Loader org.gradle.initialization.MixInLegacyTypesClassLoader                           : 8183K
Loader jdk.internal.loader.ClassLoaders$PlatformClassLoader                            : 552K
Loader jdk.internal.loader.ClassLoaders$AppClassLoader                                 : 235K
Loader org.gradle.groovy.scripts.internal.DefaultScriptCompilationHandler$ScriptClassLoader: 93856B
Loader jdk.internal.reflect.DelegatingClassLoader                                      : 23760B
Loader org.codehaus.groovy.runtime.callsite.CallSiteClassLoader                        : 12384B

Classes loaded by more than one classloader:
Class org.gradle.internal.classloader.FilteringClassLoader                            : loaded 2 times (x 101B)
Class org.gradle.internal.classloader.ClassLoaderHierarchy                            : loaded 2 times (x 66B)
Class org.gradle.api.internal.classpath.ManifestUtil                                  : loaded 2 times (x 67B)
Class org.gradle.internal.classloader.DefaultClassLoaderFactory                       : loaded 2 times (x 78B)
Class org.gradle.internal.classloader.ClassLoaderVisitor                              : loaded 2 times (x 72B)
Class org.gradle.api.internal.classpath.EffectiveClassPath                            : loaded 2 times (x 86B)
Class org.gradle.api.internal.DefaultClassPathProvider                                : loaded 2 times (x 72B)
Class [Lorg.gradle.api.internal.ClassPathProvider;                                    : loaded 2 times (x 65B)
Class org.gradle.api.internal.ClassPathProvider                                       : loaded 2 times (x 66B)
Class org.gradle.internal.service.UnknownServiceException                             : loaded 2 times (x 79B)
Class org.gradle.internal.classpath.TransformedClassPath                              : loaded 2 times (x 92B)
Class org.gradle.internal.classloader.InstrumentingClassLoader                        : loaded 2 times (x 66B)
Class org.gradle.internal.service.ServiceLocator                                      : loaded 2 times (x 66B)
Class org.gradle.internal.InternalTransformer                                         : loaded 2 times (x 66B)
Class org.gradle.internal.classloader.ClasspathUtil$1                                 : loaded 2 times (x 72B)
Class org.gradle.api.internal.classpath.DefaultModuleRegistry$DefaultModule           : loaded 2 times (x 82B)
Class org.gradle.api.internal.classpath.Module                                        : loaded 2 times (x 66B)
Class settings_98rtivzum4d25josyyxxs2odq                                              : loaded 2 times (x 175B)
Class org.gradle.api.internal.classpath.UnknownModuleException                        : loaded 2 times (x 78B)
Class org.gradle.api.internal.DefaultClassPathRegistry                                : loaded 2 times (x 72B)
Class org.gradle.api.internal.ClassPathRegistry                                       : loaded 2 times (x 66B)
Class org.gradle.internal.classpath.DefaultClassPath$ImmutableUniqueList              : loaded 2 times (x 195B)
Class org.gradle.internal.classpath.ClassPath                                         : loaded 2 times (x 66B)
Class org.gradle.api.UncheckedIOException                                             : loaded 2 times (x 78B)
Class settings_98rtivzum4d25josyyxxs2odq$_run_closure1                                : loaded 2 times (x 135B)
Class org.gradle.internal.installation.GradleInstallation$1                           : loaded 2 times (x 71B)
Class org.gradle.api.internal.classpath.ModuleRegistry                                : loaded 2 times (x 66B)
Class org.gradle.api.internal.classpath.DefaultModuleRegistry                         : loaded 2 times (x 82B)
Class org.gradle.internal.service.ServiceLookupException                              : loaded 2 times (x 78B)
Class org.gradle.internal.classloader.ClassLoaderFactory                              : loaded 2 times (x 66B)
Class org.gradle.internal.service.CachingServiceLocator                               : loaded 2 times (x 78B)
Class org.gradle.internal.classloader.ClasspathUtil                                   : loaded 2 times (x 67B)
Class org.gradle.api.specs.Spec                                                       : loaded 2 times (x 66B)
Class org.gradle.internal.classloader.VisitableURLClassLoader$InstrumentingVisitableURLClassLoader: loaded 2 times (x 119B)
Class org.gradle.internal.classloader.VisitableURLClassLoader$Spec                    : loaded 2 times (x 70B)
Class org.gradle.internal.classpath.DefaultClassPath                                  : loaded 2 times (x 86B)
Class org.gradle.internal.classloader.ClassLoaderSpec                                 : loaded 2 times (x 67B)
Class org.gradle.internal.classloader.VisitableURLClassLoader                         : loaded 2 times (x 113B)
Class org.gradle.internal.Cast                                                        : loaded 2 times (x 67B)
Class org.gradle.api.Action                                                           : loaded 2 times (x 66B)
Class org.gradle.internal.classpath.DefaultClassPath$ImmutableUniqueList$Builder      : loaded 2 times (x 71B)
Class org.gradle.api.GradleException                                                  : loaded 2 times (x 78B)
Class org.gradle.internal.IoActions                                                   : loaded 2 times (x 67B)
Class org.gradle.internal.classloader.SystemClassLoaderSpec                           : loaded 2 times (x 67B)
Class settings_98rtivzum4d25josyyxxs2odq$_run_closure1$_closure2$_closure3            : loaded 2 times (x 135B)
Class org.gradle.api.internal.classpath.GlobalCacheRootsProvider                      : loaded 2 times (x 66B)
Class settings_98rtivzum4d25josyyxxs2odq$_run_closure1$_closure2                      : loaded 2 times (x 135B)
Class org.gradle.internal.installation.CurrentGradleInstallationLocator               : loaded 2 times (x 67B)
Class org.gradle.internal.service.DefaultServiceLocator                               : loaded 2 times (x 79B)
Class org.gradle.internal.installation.CurrentGradleInstallation                      : loaded 2 times (x 69B)
Class org.gradle.util.internal.GUtil                                                  : loaded 2 times (x 67B)
Class org.gradle.internal.installation.GradleInstallation                             : loaded 2 times (x 71B)

---------------  S Y S T E M  ---------------

OS:
 Windows 11 , 64 bit Build 26100 (10.0.26100.4484)
OS uptime: 7 days 9:24 hours

CPU: total 32 (initial active 32) (16 cores per cpu, 2 threads per core) family 6 model 183 stepping 1 microcode 0x12b, cx8, cmov, fxsr, ht, mmx, 3dnowpref, sse, sse2, sse3, ssse3, sse4.1, sse4.2, popcnt, lzcnt, tsc, tscinvbit, avx, avx2, aes, erms, clmul, bmi1, bmi2, adx, sha, fma, vzeroupper, clflush, clflushopt, clwb, serialize, rdtscp, rdpid, fsrm, f16c, pku, cet_ibt, cet_ss
Processor Information for processor 0
  Max Mhz: 2200, Current Mhz: 2200, Mhz Limit: 2200
Processor Information for processor 1
  Max Mhz: 2200, Current Mhz: 2200, Mhz Limit: 2200
Processor Information for processor 2
  Max Mhz: 2200, Current Mhz: 2200, Mhz Limit: 2200
Processor Information for processor 3
  Max Mhz: 2200, Current Mhz: 1466, Mhz Limit: 2200
Processor Information for processor 4
  Max Mhz: 2200, Current Mhz: 2200, Mhz Limit: 2200
Processor Information for processor 5
  Max Mhz: 2200, Current Mhz: 1466, Mhz Limit: 2200
Processor Information for processor 6
  Max Mhz: 2200, Current Mhz: 2200, Mhz Limit: 2200
Processor Information for processor 7
  Max Mhz: 2200, Current Mhz: 1466, Mhz Limit: 2200
Processor Information for processor 8
  Max Mhz: 2200, Current Mhz: 2200, Mhz Limit: 2200
Processor Information for processor 9
  Max Mhz: 2200, Current Mhz: 2200, Mhz Limit: 2200
Processor Information for processor 10
  Max Mhz: 2200, Current Mhz: 2200, Mhz Limit: 2200
Processor Information for processor 11
  Max Mhz: 2200, Current Mhz: 2200, Mhz Limit: 2200
Processor Information for processor 12
  Max Mhz: 2200, Current Mhz: 2200, Mhz Limit: 2200
Processor Information for processor 13
  Max Mhz: 2200, Current Mhz: 1466, Mhz Limit: 2200
Processor Information for processor 14
  Max Mhz: 2200, Current Mhz: 2200, Mhz Limit: 2200
Processor Information for processor 15
  Max Mhz: 2200, Current Mhz: 1466, Mhz Limit: 2200
Processor Information for processor 16
  Max Mhz: 2200, Current Mhz: 1600, Mhz Limit: 1584
Processor Information for processor 17
  Max Mhz: 2200, Current Mhz: 1600, Mhz Limit: 1584
Processor Information for processor 18
  Max Mhz: 2200, Current Mhz: 1600, Mhz Limit: 1584
Processor Information for processor 19
  Max Mhz: 2200, Current Mhz: 1600, Mhz Limit: 1584
Processor Information for processor 20
  Max Mhz: 2200, Current Mhz: 1600, Mhz Limit: 1584
Processor Information for processor 21
  Max Mhz: 2200, Current Mhz: 1600, Mhz Limit: 1584
Processor Information for processor 22
  Max Mhz: 2200, Current Mhz: 1600, Mhz Limit: 1584
Processor Information for processor 23
  Max Mhz: 2200, Current Mhz: 1600, Mhz Limit: 1584
Processor Information for processor 24
  Max Mhz: 2200, Current Mhz: 1600, Mhz Limit: 1584
Processor Information for processor 25
  Max Mhz: 2200, Current Mhz: 1600, Mhz Limit: 1584
Processor Information for processor 26
  Max Mhz: 2200, Current Mhz: 1600, Mhz Limit: 1584
Processor Information for processor 27
  Max Mhz: 2200, Current Mhz: 1600, Mhz Limit: 1584
Processor Information for processor 28
  Max Mhz: 2200, Current Mhz: 1500, Mhz Limit: 1584
Processor Information for processor 29
  Max Mhz: 2200, Current Mhz: 1600, Mhz Limit: 1584
Processor Information for processor 30
  Max Mhz: 2200, Current Mhz: 1600, Mhz Limit: 1584
Processor Information for processor 31
  Max Mhz: 2200, Current Mhz: 1600, Mhz Limit: 1584

Memory: 4k page, system-wide physical 32386M (1472M free)
TotalPageFile size 74053M (AvailPageFile size 162M)
current process WorkingSet (physical memory assigned to process): 320M, peak: 402M
current process commit charge ("private bytes"): 420M, peak: 678M

vm_info: OpenJDK 64-Bit Server VM (21.0.5+-13047016-b750.29) for windows-amd64 JRE (21.0.5+-13047016-b750.29), built on 2025-02-11T21:12:39Z by "builder" with MS VC++ 16.10 / 16.11 (VS2019)

END.
